2026-07-24 23:30:55 | INFO  | SIGNAL 510300 | 日BUY 时BUY → BUY | 日线多头排列 + 小时线确认
2026-07-24 23:30:55 | INFO  | SIGNAL 159915 | 日BUY 时SELL → HOLD | 日线看多但小时线看空, 等待
2026-07-24 23:30:55 | INFO  | SIGNAL 512800 | 日HOLD 时N/A → HOLD | 日线无明确方向
2026-07-24 23:30:55 | INFO  | 510300 | BUY | 1700股 @4.700 | 成交额7,990 | 费5.08 | 净7,995 | 动量信号
2026-07-24 23:30:55 | INFO  | 510300 | SELL | 1700股 @4.800 | 成交额8,160 | 费5.08 | 净8,155 | 信号转空
2026-07-24 23:31:06 | INFO  | 159915 | BUY | 3200股 @2.500 | 成交额8,000 | 费5.00 | 净8,005 | 追加测试
2026-07-24 23:42:04 | INFO  | SIGNAL 沪深300ETF | 日BUY 时N/A → BUY | 仅日线信号: BUY (无小时线数据)
2026-07-24 23:42:04 | INFO  | SIGNAL 创业板ETF | 日BUY 时N/A → BUY | 仅日线信号: BUY (无小时线数据)
2026-07-24 23:42:04 | INFO  | SIGNAL 科创50ETF | 日BUY 时N/A → BUY | 仅日线信号: BUY (无小时线数据)
2026-07-24 23:42:04 | INFO  | SIGNAL 半导体ETF | 日BUY 时N/A → BUY | 仅日线信号: BUY (无小时线数据)
2026-07-24 23:42:04 | INFO  | SIGNAL 芯片ETF | 日BUY 时N/A → BUY | 仅日线信号: BUY (无小时线数据)
2026-07-24 23:42:04 | INFO  | SIGNAL 黄金ETF | 日BUY 时N/A → BUY | 仅日线信号: BUY (无小时线数据)
2026-07-24 23:42:04 | INFO  | SIGNAL 通信ETF | 日BUY 时N/A → BUY | 仅日线信号: BUY (无小时线数据)
2026-07-24 23:42:04 | INFO  | 510300 | BUY | 200股 @4.481 | 成交额0 | 费0.00 | 净0 | 策略信号
2026-07-24 23:42:04 | INFO  | 159915 | BUY | 300股 @3.062 | 成交额0 | 费0.00 | 净0 | 策略信号
2026-07-24 23:42:04 | INFO  | 588000 | BUY | 700股 @1.431 | 成交额0 | 费0.00 | 净0 | 策略信号
2026-07-24 23:42:04 | INFO  | 512480 | BUY | 1500股 @0.705 | 成交额0 | 费0.00 | 净0 | 策略信号
2026-07-24 23:42:04 | INFO  | 159995 | BUY | 1200股 @0.852 | 成交额0 | 费0.00 | 净0 | 策略信号
2026-07-24 23:42:04 | INFO  | 518880 | BUY | 100股 @7.898 | 成交额0 | 费0.00 | 净0 | 策略信号
2026-07-24 23:42:04 | INFO  | 515880 | BUY | 2400股 @0.447 | 成交额0 | 费0.00 | 净0 | 策略信号
2026-07-24 23:42:04 | INFO  | SIGNAL 沪深300ETF | 日BUY 时N/A → BUY | 仅日线信号: BUY (无小时线数据)
2026-07-24 23:42:04 | INFO  | SIGNAL 创业板ETF | 日BUY 时N/A → BUY | 仅日线信号: BUY (无小时线数据)
2026-07-24 23:42:04 | INFO  | SIGNAL 科创50ETF | 日BUY 时N/A → BUY | 仅日线信号: BUY (无小时线数据)
2026-07-24 23:42:04 | INFO  | SIGNAL 半导体ETF | 日BUY 时N/A → BUY | 仅日线信号: BUY (无小时线数据)
2026-07-24 23:42:04 | INFO  | SIGNAL 芯片ETF | 日BUY 时N/A → BUY | 仅日线信号: BUY (无小时线数据)
2026-07-24 23:42:04 | INFO  | SIGNAL 黄金ETF | 日BUY 时N/A → BUY | 仅日线信号: BUY (无小时线数据)
2026-07-24 23:42:04 | INFO  | SIGNAL 通信ETF | 日BUY 时N/A → BUY | 仅日线信号: BUY (无小时线数据)
2026-07-24 23:42:04 | INFO  | 588000 | BUY | 100股 @1.479 | 成交额0 | 费0.00 | 净0 | 策略信号
2026-07-24 23:42:04 | INFO  | 512480 | BUY | 200股 @0.731 | 成交额0 | 费0.00 | 净0 | 策略信号
2026-07-24 23:42:04 | INFO  | 159995 | BUY | 100股 @0.885 | 成交额0 | 费0.00 | 净0 | 策略信号
2026-07-24 23:42:04 | INFO  | 515880 | BUY | 300股 @0.452 | 成交额0 | 费0.00 | 净0 | 策略信号
2026-07-24 23:42:04 | INFO  | SIGNAL 沪深300ETF | 日BUY 时N/A → BUY | 仅日线信号: BUY (无小时线数据)
2026-07-24 23:42:04 | INFO  | SIGNAL 创业板ETF | 日BUY 时N/A → BUY | 仅日线信号: BUY (无小时线数据)
2026-07-24 23:42:04 | INFO  | SIGNAL 科创50ETF | 日BUY 时N/A → BUY | 仅日线信号: BUY (无小时线数据)
2026-07-24 23:42:04 | INFO  | SIGNAL 半导体ETF | 日BUY 时N/A → BUY | 仅日线信号: BUY (无小时线数据)
2026-07-24 23:42:04 | INFO  | SIGNAL 芯片ETF | 日BUY 时N/A → BUY | 仅日线信号: BUY (无小时线数据)
2026-07-24 23:42:04 | INFO  | SIGNAL 黄金ETF | 日BUY 时N/A → BUY | 仅日线信号: BUY (无小时线数据)
2026-07-24 23:42:04 | INFO  | SIGNAL 通信ETF | 日BUY 时N/A → BUY | 仅日线信号: BUY (无小时线数据)
2026-07-24 23:42:04 | INFO  | 512480 | BUY | 100股 @0.734 | 成交额0 | 费0.00 | 净0 | 策略信号
2026-07-24 23:42:04 | INFO  | 159995 | BUY | 100股 @0.884 | 成交额0 | 费0.00 | 净0 | 策略信号
2026-07-24 23:42:04 | INFO  | 515880 | BUY | 100股 @0.456 | 成交额0 | 费0.00 | 净0 | 策略信号
2026-07-24 23:42:04 | INFO  | SIGNAL 沪深300ETF | 日BUY 时N/A → BUY | 仅日线信号: BUY (无小时线数据)
2026-07-24 23:42:04 | INFO  | SIGNAL 创业板ETF | 日BUY 时N/A → BUY | 仅日线信号: BUY (无小时线数据)
2026-07-24 23:42:04 | INFO  | SIGNAL 科创50ETF | 日BUY 时N/A → BUY | 仅日线信号: BUY (无小时线数据)
2026-07-24 23:42:04 | INFO  | SIGNAL 半导体ETF | 日BUY 时N/A → BUY | 仅日线信号: BUY (无小时线数据)
2026-07-24 23:42:04 | INFO  | SIGNAL 芯片ETF | 日BUY 时N/A → BUY | 仅日线信号: BUY (无小时线数据)
2026-07-24 23:42:04 | INFO  | SIGNAL 黄金ETF | 日BUY 时N/A → BUY | 仅日线信号: BUY (无小时线数据)
2026-07-24 23:42:04 | INFO  | SIGNAL 通信ETF | 日BUY 时N/A → BUY | 仅日线信号: BUY (无小时线数据)
2026-07-24 23:42:04 | INFO  | 515880 | BUY | 100股 @0.453 | 成交额0 | 费0.00 | 净0 | 策略信号
2026-07-24 23:42:04 | INFO  | SIGNAL 沪深300ETF | 日BUY 时N/A → BUY | 仅日线信号: BUY (无小时线数据)
2026-07-24 23:42:04 | INFO  | SIGNAL 创业板ETF | 日BUY 时N/A → BUY | 仅日线信号: BUY (无小时线数据)
2026-07-24 23:42:04 | INFO  | SIGNAL 科创50ETF | 日BUY 时N/A → BUY | 仅日线信号: BUY (无小时线数据)
2026-07-24 23:42:04 | INFO  | SIGNAL 半导体ETF | 日BUY 时N/A → BUY | 仅日线信号: BUY (无小时线数据)
2026-07-24 23:42:04 | INFO  | SIGNAL 芯片ETF | 日BUY 时N/A → BUY | 仅日线信号: BUY (无小时线数据)
2026-07-24 23:42:04 | INFO  | SIGNAL 黄金ETF | 日BUY 时N/A → BUY | 仅日线信号: BUY (无小时线数据)
2026-07-24 23:42:04 | INFO  | SIGNAL 通信ETF | 日BUY 时N/A → BUY | 仅日线信号: BUY (无小时线数据)
2026-07-24 23:42:04 | INFO  | 515880 | BUY | 100股 @0.463 | 成交额0 | 费0.00 | 净0 | 策略信号
2026-07-24 23:42:04 | INFO  | SIGNAL 沪深300ETF | 日BUY 时N/A → BUY | 仅日线信号: BUY (无小时线数据)
2026-07-24 23:42:04 | INFO  | SIGNAL 创业板ETF | 日BUY 时N/A → BUY | 仅日线信号: BUY (无小时线数据)
2026-07-24 23:42:04 | INFO  | SIGNAL 科创50ETF | 日BUY 时N/A → BUY | 仅日线信号: BUY (无小时线数据)
2026-07-24 23:42:04 | INFO  | SIGNAL 半导体ETF | 日BUY 时N/A → BUY | 仅日线信号: BUY (无小时线数据)
2026-07-24 23:42:04 | INFO  | SIGNAL 芯片ETF | 日BUY 时N/A → BUY | 仅日线信号: BUY (无小时线数据)
2026-07-24 23:42:04 | INFO  | SIGNAL 黄金ETF | 日BUY 时N/A → BUY | 仅日线信号: BUY (无小时线数据)
2026-07-24 23:42:04 | INFO  | SIGNAL 通信ETF | 日BUY 时N/A → BUY | 仅日线信号: BUY (无小时线数据)
2026-07-24 23:42:04 | INFO  | 515880 | BUY | 100股 @0.449 | 成交额0 | 费0.00 | 净0 | 策略信号
2026-07-24 23:42:04 | INFO  | SIGNAL 沪深300ETF | 日BUY 时N/A → BUY | 仅日线信号: BUY (无小时线数据)
2026-07-24 23:42:04 | INFO  | SIGNAL 创业板ETF | 日BUY 时N/A → BUY | 仅日线信号: BUY (无小时线数据)
2026-07-24 23:42:04 | INFO  | SIGNAL 科创50ETF | 日BUY 时N/A → BUY | 仅日线信号: BUY (无小时线数据)
2026-07-24 23:42:04 | INFO  | SIGNAL 半导体ETF | 日BUY 时N/A → BUY | 仅日线信号: BUY (无小时线数据)
2026-07-24 23:42:04 | INFO  | SIGNAL 芯片ETF | 日BUY 时N/A → BUY | 仅日线信号: BUY (无小时线数据)
2026-07-24 23:42:04 | INFO  | SIGNAL 黄金ETF | 日BUY 时N/A → BUY | 仅日线信号: BUY (无小时线数据)
2026-07-24 23:42:04 | INFO  | SIGNAL 通信ETF | 日BUY 时N/A → BUY | 仅日线信号: BUY (无小时线数据)
2026-07-24 23:42:04 | INFO  | SIGNAL 沪深300ETF | 日BUY 时N/A → BUY | 仅日线信号: BUY (无小时线数据)
2026-07-24 23:42:04 | INFO  | SIGNAL 创业板ETF | 日BUY 时N/A → BUY | 仅日线信号: BUY (无小时线数据)
2026-07-24 23:42:04 | INFO  | SIGNAL 科创50ETF | 日BUY 时N/A → BUY | 仅日线信号: BUY (无小时线数据)
2026-07-24 23:42:04 | INFO  | SIGNAL 半导体ETF | 日BUY 时N/A → BUY | 仅日线信号: BUY (无小时线数据)
2026-07-24 23:42:04 | INFO  | SIGNAL 芯片ETF | 日BUY 时N/A → BUY | 仅日线信号: BUY (无小时线数据)
2026-07-24 23:42:04 | INFO  | SIGNAL 黄金ETF | 日BUY 时N/A → BUY | 仅日线信号: BUY (无小时线数据)
2026-07-24 23:42:04 | INFO  | SIGNAL 通信ETF | 日BUY 时N/A → BUY | 仅日线信号: BUY (无小时线数据)
2026-07-24 23:42:04 | INFO  | SIGNAL 沪深300ETF | 日BUY 时N/A → BUY | 仅日线信号: BUY (无小时线数据)
2026-07-24 23:42:04 | INFO  | SIGNAL 创业板ETF | 日BUY 时N/A → BUY | 仅日线信号: BUY (无小时线数据)
2026-07-24 23:42:04 | INFO  | SIGNAL 科创50ETF | 日BUY 时N/A → BUY | 仅日线信号: BUY (无小时线数据)
2026-07-24 23:42:04 | INFO  | SIGNAL 半导体ETF | 日BUY 时N/A → BUY | 仅日线信号: BUY (无小时线数据)
2026-07-24 23:42:04 | INFO  | SIGNAL 芯片ETF | 日BUY 时N/A → BUY | 仅日线信号: BUY (无小时线数据)
2026-07-24 23:42:04 | INFO  | SIGNAL 黄金ETF | 日BUY 时N/A → BUY | 仅日线信号: BUY (无小时线数据)
2026-07-24 23:42:04 | INFO  | SIGNAL 通信ETF | 日BUY 时N/A → BUY | 仅日线信号: BUY (无小时线数据)
2026-07-24 23:42:04 | INFO  | SIGNAL 沪深300ETF | 日BUY 时N/A → BUY | 仅日线信号: BUY (无小时线数据)
2026-07-24 23:42:04 | INFO  | SIGNAL 创业板ETF | 日BUY 时N/A → BUY | 仅日线信号: BUY (无小时线数据)
2026-07-24 23:42:04 | INFO  | SIGNAL 科创50ETF | 日BUY 时N/A → BUY | 仅日线信号: BUY (无小时线数据)
2026-07-24 23:42:04 | INFO  | SIGNAL 半导体ETF | 日BUY 时N/A → BUY | 仅日线信号: BUY (无小时线数据)
2026-07-24 23:42:04 | INFO  | SIGNAL 芯片ETF | 日BUY 时N/A → BUY | 仅日线信号: BUY (无小时线数据)
2026-07-24 23:42:05 | INFO  | SIGNAL 黄金ETF | 日BUY 时N/A → BUY | 仅日线信号: BUY (无小时线数据)
2026-07-24 23:42:05 | INFO  | SIGNAL 通信ETF | 日BUY 时N/A → BUY | 仅日线信号: BUY (无小时线数据)
2026-07-24 23:42:05 | INFO  | SIGNAL 沪深300ETF | 日BUY 时N/A → BUY | 仅日线信号: BUY (无小时线数据)
2026-07-24 23:42:05 | INFO  | SIGNAL 创业板ETF | 日BUY 时N/A → BUY | 仅日线信号: BUY (无小时线数据)
2026-07-24 23:42:05 | INFO  | SIGNAL 科创50ETF | 日BUY 时N/A → BUY | 仅日线信号: BUY (无小时线数据)
2026-07-24 23:42:05 | INFO  | SIGNAL 半导体ETF | 日BUY 时N/A → BUY | 仅日线信号: BUY (无小时线数据)
2026-07-24 23:42:05 | INFO  | SIGNAL 芯片ETF | 日BUY 时N/A → BUY | 仅日线信号: BUY (无小时线数据)
2026-07-24 23:42:05 | INFO  | SIGNAL 黄金ETF | 日BUY 时N/A → BUY | 仅日线信号: BUY (无小时线数据)
2026-07-24 23:42:05 | INFO  | SIGNAL 通信ETF | 日BUY 时N/A → BUY | 仅日线信号: BUY (无小时线数据)
2026-07-24 23:42:05 | INFO  | SIGNAL 沪深300ETF | 日BUY 时N/A → BUY | 仅日线信号: BUY (无小时线数据)
2026-07-24 23:42:05 | INFO  | SIGNAL 创业板ETF | 日BUY 时N/A → BUY | 仅日线信号: BUY (无小时线数据)
2026-07-24 23:42:05 | INFO  | SIGNAL 科创50ETF | 日BUY 时N/A → BUY | 仅日线信号: BUY (无小时线数据)
2026-07-24 23:42:05 | INFO  | SIGNAL 半导体ETF | 日BUY 时N/A → BUY | 仅日线信号: BUY (无小时线数据)
2026-07-24 23:42:05 | INFO  | SIGNAL 芯片ETF | 日BUY 时N/A → BUY | 仅日线信号: BUY (无小时线数据)
2026-07-24 23:42:05 | INFO  | SIGNAL 黄金ETF | 日BUY 时N/A → BUY | 仅日线信号: BUY (无小时线数据)
2026-07-24 23:42:05 | INFO  | 515880 | SELL | 3100股 @0.406 | 成交额0 | 费0.00 | 净0 | 信号SELL
2026-07-24 23:42:05 | INFO  | 588000 | BUY | 100股 @1.481 | 成交额0 | 费0.00 | 净0 | 策略信号
2026-07-24 23:42:05 | INFO  | 512480 | BUY | 300股 @0.735 | 成交额0 | 费0.00 | 净0 | 策略信号
2026-07-24 23:42:05 | INFO  | 159995 | BUY | 200股 @0.874 | 成交额0 | 费0.00 | 净0 | 策略信号
2026-07-24 23:42:05 | INFO  | SIGNAL 沪深300ETF | 日BUY 时N/A → BUY | 仅日线信号: BUY (无小时线数据)
2026-07-24 23:42:05 | INFO  | SIGNAL 科创50ETF | 日BUY 时N/A → BUY | 仅日线信号: BUY (无小时线数据)
2026-07-24 23:42:05 | INFO  | SIGNAL 半导体ETF | 日BUY 时N/A → BUY | 仅日线信号: BUY (无小时线数据)
2026-07-24 23:42:05 | INFO  | SIGNAL 芯片ETF | 日BUY 时N/A → BUY | 仅日线信号: BUY (无小时线数据)
2026-07-24 23:42:05 | INFO  | SIGNAL 黄金ETF | 日BUY 时N/A → BUY | 仅日线信号: BUY (无小时线数据)
2026-07-24 23:42:05 | INFO  | 159915 | SELL | 300股 @3.003 | 成交额0 | 费0.00 | 净0 | 信号SELL
2026-07-24 23:42:05 | INFO  | 588000 | BUY | 200股 @1.501 | 成交额0 | 费0.00 | 净0 | 策略信号
2026-07-24 23:42:05 | INFO  | 512480 | BUY | 400股 @0.746 | 成交额0 | 费0.00 | 净0 | 策略信号
2026-07-24 23:42:05 | INFO  | 159995 | BUY | 400股 @0.889 | 成交额0 | 费0.00 | 净0 | 策略信号
2026-07-24 23:42:05 | INFO  | SIGNAL 沪深300ETF | 日BUY 时N/A → BUY | 仅日线信号: BUY (无小时线数据)
2026-07-24 23:42:05 | INFO  | SIGNAL 科创50ETF | 日BUY 时N/A → BUY | 仅日线信号: BUY (无小时线数据)
2026-07-24 23:42:05 | INFO  | SIGNAL 半导体ETF | 日BUY 时N/A → BUY | 仅日线信号: BUY (无小时线数据)
2026-07-24 23:42:05 | INFO  | SIGNAL 芯片ETF | 日BUY 时N/A → BUY | 仅日线信号: BUY (无小时线数据)
2026-07-24 23:42:05 | INFO  | SIGNAL 黄金ETF | 日BUY 时N/A → BUY | 仅日线信号: BUY (无小时线数据)
2026-07-24 23:42:05 | INFO  | 588000 | BUY | 100股 @1.487 | 成交额0 | 费0.00 | 净0 | 策略信号
2026-07-24 23:42:05 | INFO  | 512480 | BUY | 200股 @0.742 | 成交额0 | 费0.00 | 净0 | 策略信号
2026-07-24 23:42:05 | INFO  | 159995 | BUY | 100股 @0.884 | 成交额0 | 费0.00 | 净0 | 策略信号
2026-07-24 23:42:05 | INFO  | SIGNAL 沪深300ETF | 日BUY 时N/A → BUY | 仅日线信号: BUY (无小时线数据)
2026-07-24 23:42:05 | INFO  | SIGNAL 半导体ETF | 日BUY 时N/A → BUY | 仅日线信号: BUY (无小时线数据)
2026-07-24 23:42:05 | INFO  | SIGNAL 黄金ETF | 日BUY 时N/A → BUY | 仅日线信号: BUY (无小时线数据)
2026-07-24 23:42:05 | INFO  | 588000 | SELL | 1200股 @1.433 | 成交额0 | 费0.00 | 净0 | 信号SELL
2026-07-24 23:42:05 | INFO  | 159995 | SELL | 2100股 @0.852 | 成交额0 | 费0.00 | 净0 | 信号SELL
2026-07-24 23:42:05 | INFO  | 510300 | BUY | 200股 @4.501 | 成交额0 | 费0.00 | 净0 | 策略信号
2026-07-24 23:42:05 | INFO  | 512480 | BUY | 1700股 @0.712 | 成交额0 | 费0.00 | 净0 | 策略信号
2026-07-24 23:42:05 | INFO  | 518880 | BUY | 100股 @9.568 | 成交额0 | 费0.00 | 净0 | 策略信号
2026-07-24 23:42:05 | INFO  | SIGNAL 黄金ETF | 日BUY 时N/A → BUY | 仅日线信号: BUY (无小时线数据)
2026-07-24 23:42:05 | INFO  | 510300 | SELL | 400股 @4.517 | 成交额0 | 费0.00 | 净0 | 信号SELL
2026-07-24 23:42:05 | INFO  | 512480 | SELL | 4400股 @0.717 | 成交额0 | 费0.00 | 净0 | 信号SELL
2026-07-24 23:42:05 | INFO  | 518880 | BUY | 600股 @9.268 | 成交额0 | 费0.00 | 净0 | 策略信号
2026-07-24 23:42:05 | INFO  | SIGNAL 沪深300ETF | 日BUY 时N/A → BUY | 仅日线信号: BUY (无小时线数据)
2026-07-24 23:42:05 | INFO  | SIGNAL 黄金ETF | 日BUY 时N/A → BUY | 仅日线信号: BUY (无小时线数据)
2026-07-24 23:42:05 | INFO  | SIGNAL 沪深300ETF | 日BUY 时N/A → BUY | 仅日线信号: BUY (无小时线数据)
2026-07-24 23:42:05 | INFO  | SIGNAL 黄金ETF | 日BUY 时N/A → BUY | 仅日线信号: BUY (无小时线数据)
2026-07-24 23:42:05 | INFO  | SIGNAL 黄金ETF | 日BUY 时N/A → BUY | 仅日线信号: BUY (无小时线数据)
2026-07-24 23:42:05 | INFO  | SIGNAL 沪深300ETF | 日BUY 时N/A → BUY | 仅日线信号: BUY (无小时线数据)
2026-07-24 23:42:05 | INFO  | SIGNAL 黄金ETF | 日BUY 时N/A → BUY | 仅日线信号: BUY (无小时线数据)
2026-07-24 23:42:05 | INFO  | SIGNAL 通信ETF | 日BUY 时N/A → BUY | 仅日线信号: BUY (无小时线数据)
2026-07-24 23:42:05 | INFO  | 515880 | BUY | 200股 @0.463 | 成交额0 | 费0.00 | 净0 | 策略信号
2026-07-24 23:42:05 | INFO  | SIGNAL 沪深300ETF | 日BUY 时N/A → BUY | 仅日线信号: BUY (无小时线数据)
2026-07-24 23:42:05 | INFO  | SIGNAL 创业板ETF | 日BUY 时N/A → BUY | 仅日线信号: BUY (无小时线数据)
2026-07-24 23:42:05 | INFO  | SIGNAL 黄金ETF | 日BUY 时N/A → BUY | 仅日线信号: BUY (无小时线数据)
2026-07-24 23:42:05 | INFO  | SIGNAL 通信ETF | 日BUY 时N/A → BUY | 仅日线信号: BUY (无小时线数据)
2026-07-24 23:42:05 | INFO  | 515880 | BUY | 100股 @0.486 | 成交额0 | 费0.00 | 净0 | 策略信号
2026-07-24 23:42:05 | INFO  | SIGNAL 沪深300ETF | 日BUY 时N/A → BUY | 仅日线信号: BUY (无小时线数据)
2026-07-24 23:42:05 | INFO  | SIGNAL 创业板ETF | 日BUY 时N/A → BUY | 仅日线信号: BUY (无小时线数据)
2026-07-24 23:42:05 | INFO  | SIGNAL 科创50ETF | 日BUY 时N/A → BUY | 仅日线信号: BUY (无小时线数据)
2026-07-24 23:42:05 | INFO  | SIGNAL 半导体ETF | 日BUY 时N/A → BUY | 仅日线信号: BUY (无小时线数据)
2026-07-24 23:42:05 | INFO  | SIGNAL 芯片ETF | 日BUY 时N/A → BUY | 仅日线信号: BUY (无小时线数据)
2026-07-24 23:42:05 | INFO  | SIGNAL 黄金ETF | 日BUY 时N/A → BUY | 仅日线信号: BUY (无小时线数据)
2026-07-24 23:42:05 | INFO  | SIGNAL 通信ETF | 日BUY 时N/A → BUY | 仅日线信号: BUY (无小时线数据)
2026-07-24 23:42:05 | INFO  | SIGNAL 沪深300ETF | 日BUY 时N/A → BUY | 仅日线信号: BUY (无小时线数据)
2026-07-24 23:42:05 | INFO  | SIGNAL 创业板ETF | 日BUY 时N/A → BUY | 仅日线信号: BUY (无小时线数据)
2026-07-24 23:42:05 | INFO  | SIGNAL 科创50ETF | 日BUY 时N/A → BUY | 仅日线信号: BUY (无小时线数据)
2026-07-24 23:42:05 | INFO  | SIGNAL 半导体ETF | 日BUY 时N/A → BUY | 仅日线信号: BUY (无小时线数据)
2026-07-24 23:42:05 | INFO  | SIGNAL 芯片ETF | 日BUY 时N/A → BUY | 仅日线信号: BUY (无小时线数据)
2026-07-24 23:42:05 | INFO  | SIGNAL 黄金ETF | 日BUY 时N/A → BUY | 仅日线信号: BUY (无小时线数据)
2026-07-24 23:42:05 | INFO  | SIGNAL 通信ETF | 日BUY 时N/A → BUY | 仅日线信号: BUY (无小时线数据)
2026-07-24 23:42:05 | INFO  | SIGNAL 沪深300ETF | 日BUY 时N/A → BUY | 仅日线信号: BUY (无小时线数据)
2026-07-24 23:42:05 | INFO  | SIGNAL 创业板ETF | 日BUY 时N/A → BUY | 仅日线信号: BUY (无小时线数据)
2026-07-24 23:42:05 | INFO  | SIGNAL 科创50ETF | 日BUY 时N/A → BUY | 仅日线信号: BUY (无小时线数据)
2026-07-24 23:42:05 | INFO  | SIGNAL 半导体ETF | 日BUY 时N/A → BUY | 仅日线信号: BUY (无小时线数据)
2026-07-24 23:42:06 | INFO  | SIGNAL 芯片ETF | 日BUY 时N/A → BUY | 仅日线信号: BUY (无小时线数据)
2026-07-24 23:42:06 | INFO  | SIGNAL 通信ETF | 日BUY 时N/A → BUY | 仅日线信号: BUY (无小时线数据)
2026-07-24 23:42:06 | INFO  | 518880 | SELL | 800股 @8.704 | 成交额0 | 费0.00 | 净0 | 信号SELL
2026-07-24 23:42:06 | INFO  | 510300 | BUY | 200股 @4.700 | 成交额0 | 费0.00 | 净0 | 策略信号
2026-07-24 23:42:06 | INFO  | 159915 | BUY | 300股 @3.239 | 成交额0 | 费0.00 | 净0 | 策略信号
2026-07-24 23:42:06 | INFO  | 588000 | BUY | 700股 @1.535 | 成交额0 | 费0.00 | 净0 | 策略信号
2026-07-24 23:42:06 | INFO  | 512480 | BUY | 1400股 @0.760 | 成交额0 | 费0.00 | 净0 | 策略信号
2026-07-24 23:42:06 | INFO  | 159995 | BUY | 1200股 @0.920 | 成交额0 | 费0.00 | 净0 | 策略信号
2026-07-24 23:42:06 | INFO  | 515880 | BUY | 2300股 @0.478 | 成交额0 | 费0.00 | 净0 | 策略信号
2026-07-24 23:42:06 | INFO  | SIGNAL 沪深300ETF | 日BUY 时N/A → BUY | 仅日线信号: BUY (无小时线数据)
2026-07-24 23:42:06 | INFO  | SIGNAL 创业板ETF | 日BUY 时N/A → BUY | 仅日线信号: BUY (无小时线数据)
2026-07-24 23:42:06 | INFO  | SIGNAL 科创50ETF | 日BUY 时N/A → BUY | 仅日线信号: BUY (无小时线数据)
2026-07-24 23:42:06 | INFO  | SIGNAL 半导体ETF | 日BUY 时N/A → BUY | 仅日线信号: BUY (无小时线数据)
2026-07-24 23:42:06 | INFO  | SIGNAL 芯片ETF | 日BUY 时N/A → BUY | 仅日线信号: BUY (无小时线数据)
2026-07-24 23:42:06 | INFO  | SIGNAL 通信ETF | 日BUY 时N/A → BUY | 仅日线信号: BUY (无小时线数据)
2026-07-24 23:42:06 | INFO  | 512480 | BUY | 100股 @0.733 | 成交额0 | 费0.00 | 净0 | 策略信号
2026-07-24 23:42:06 | INFO  | 159995 | BUY | 100股 @0.883 | 成交额0 | 费0.00 | 净0 | 策略信号
2026-07-24 23:42:06 | INFO  | 515880 | BUY | 200股 @0.453 | 成交额0 | 费0.00 | 净0 | 策略信号
2026-07-24 23:42:06 | INFO  | SIGNAL 沪深300ETF | 日BUY 时N/A → BUY | 仅日线信号: BUY (无小时线数据)
2026-07-24 23:42:06 | INFO  | SIGNAL 创业板ETF | 日BUY 时N/A → BUY | 仅日线信号: BUY (无小时线数据)
2026-07-24 23:42:06 | INFO  | SIGNAL 科创50ETF | 日BUY 时N/A → BUY | 仅日线信号: BUY (无小时线数据)
2026-07-24 23:42:06 | INFO  | SIGNAL 半导体ETF | 日BUY 时N/A → BUY | 仅日线信号: BUY (无小时线数据)
2026-07-24 23:42:06 | INFO  | SIGNAL 芯片ETF | 日BUY 时N/A → BUY | 仅日线信号: BUY (无小时线数据)
2026-07-24 23:42:06 | INFO  | SIGNAL 通信ETF | 日BUY 时N/A → BUY | 仅日线信号: BUY (无小时线数据)
2026-07-24 23:42:06 | INFO  | 512480 | BUY | 100股 @0.726 | 成交额0 | 费0.00 | 净0 | 策略信号
2026-07-24 23:42:06 | INFO  | 159995 | BUY | 100股 @0.872 | 成交额0 | 费0.00 | 净0 | 策略信号
2026-07-24 23:42:06 | INFO  | 515880 | BUY | 100股 @0.457 | 成交额0 | 费0.00 | 净0 | 策略信号
2026-07-24 23:42:06 | INFO  | SIGNAL 沪深300ETF | 日BUY 时N/A → BUY | 仅日线信号: BUY (无小时线数据)
2026-07-24 23:42:06 | INFO  | SIGNAL 创业板ETF | 日BUY 时N/A → BUY | 仅日线信号: BUY (无小时线数据)
2026-07-24 23:42:06 | INFO  | SIGNAL 通信ETF | 日BUY 时N/A → BUY | 仅日线信号: BUY (无小时线数据)
2026-07-24 23:42:06 | INFO  | 588000 | SELL | 700股 @1.455 | 成交额0 | 费0.00 | 净0 | 信号SELL
2026-07-24 23:42:06 | INFO  | 512480 | SELL | 1600股 @0.718 | 成交额0 | 费0.00 | 净0 | 信号SELL
2026-07-24 23:42:06 | INFO  | 159995 | SELL | 1400股 @0.870 | 成交额0 | 费0.00 | 净0 | 信号SELL
2026-07-24 23:42:06 | INFO  | 510300 | BUY | 200股 @4.606 | 成交额0 | 费0.00 | 净0 | 策略信号
2026-07-24 23:42:06 | INFO  | 159915 | BUY | 300股 @3.112 | 成交额0 | 费0.00 | 净0 | 策略信号
2026-07-24 23:42:06 | INFO  | 515880 | BUY | 2600股 @0.451 | 成交额0 | 费0.00 | 净0 | 策略信号
2026-07-24 23:42:06 | INFO  | SIGNAL 沪深300ETF | 日BUY 时N/A → BUY | 仅日线信号: BUY (无小时线数据)
2026-07-24 23:42:06 | INFO  | SIGNAL 创业板ETF | 日BUY 时N/A → BUY | 仅日线信号: BUY (无小时线数据)
2026-07-24 23:42:06 | INFO  | SIGNAL 通信ETF | 日BUY 时N/A → BUY | 仅日线信号: BUY (无小时线数据)
2026-07-24 23:42:06 | INFO  | 515880 | BUY | 400股 @0.449 | 成交额0 | 费0.00 | 净0 | 策略信号
2026-07-24 23:42:06 | INFO  | SIGNAL 沪深300ETF | 日BUY 时N/A → BUY | 仅日线信号: BUY (无小时线数据)
2026-07-24 23:42:06 | INFO  | SIGNAL 创业板ETF | 日BUY 时N/A → BUY | 仅日线信号: BUY (无小时线数据)
2026-07-24 23:42:06 | INFO  | SIGNAL 通信ETF | 日BUY 时N/A → BUY | 仅日线信号: BUY (无小时线数据)
2026-07-24 23:42:06 | INFO  | 515880 | BUY | 300股 @0.460 | 成交额0 | 费0.00 | 净0 | 策略信号
2026-07-24 23:42:06 | INFO  | SIGNAL 沪深300ETF | 日BUY 时N/A → BUY | 仅日线信号: BUY (无小时线数据)
2026-07-24 23:42:06 | INFO  | SIGNAL 创业板ETF | 日BUY 时N/A → BUY | 仅日线信号: BUY (无小时线数据)
2026-07-24 23:42:06 | INFO  | SIGNAL 通信ETF | 日BUY 时N/A → BUY | 仅日线信号: BUY (无小时线数据)
2026-07-24 23:42:06 | INFO  | 515880 | BUY | 200股 @0.455 | 成交额0 | 费0.00 | 净0 | 策略信号
2026-07-24 23:42:06 | INFO  | SIGNAL 沪深300ETF | 日BUY 时N/A → BUY | 仅日线信号: BUY (无小时线数据)
2026-07-24 23:42:06 | INFO  | SIGNAL 创业板ETF | 日BUY 时N/A → BUY | 仅日线信号: BUY (无小时线数据)
2026-07-24 23:42:06 | INFO  | SIGNAL 通信ETF | 日BUY 时N/A → BUY | 仅日线信号: BUY (无小时线数据)
2026-07-24 23:42:06 | INFO  | 515880 | BUY | 100股 @0.450 | 成交额0 | 费0.00 | 净0 | 策略信号
2026-07-24 23:42:06 | INFO  | SIGNAL 沪深300ETF | 日BUY 时N/A → BUY | 仅日线信号: BUY (无小时线数据)
2026-07-24 23:42:06 | INFO  | SIGNAL 创业板ETF | 日BUY 时N/A → BUY | 仅日线信号: BUY (无小时线数据)
2026-07-24 23:42:06 | INFO  | 515880 | SELL | 6500股 @0.436 | 成交额0 | 费0.00 | 净0 | 信号SELL
2026-07-24 23:42:06 | INFO  | 510300 | BUY | 300股 @4.640 | 成交额0 | 费0.00 | 净0 | 策略信号
2026-07-24 23:42:06 | INFO  | 159915 | BUY | 400股 @3.113 | 成交额0 | 费0.00 | 净0 | 策略信号
2026-07-24 23:42:06 | INFO  | SIGNAL 沪深300ETF | 日BUY 时N/A → BUY | 仅日线信号: BUY (无小时线数据)
2026-07-24 23:42:06 | INFO  | SIGNAL 创业板ETF | 日BUY 时N/A → BUY | 仅日线信号: BUY (无小时线数据)
2026-07-24 23:42:06 | INFO  | SIGNAL 半导体ETF | 日SELL 时N/A → SELL | 仅日线信号: SELL (无小时线数据)
2026-07-24 23:42:06 | INFO  | SIGNAL 沪深300ETF | 日BUY 时N/A → BUY | 仅日线信号: BUY (无小时线数据)
2026-07-24 23:42:06 | INFO  | SIGNAL 创业板ETF | 日BUY 时N/A → BUY | 仅日线信号: BUY (无小时线数据)
2026-07-24 23:42:06 | INFO  | SIGNAL 半导体ETF | 日SELL 时N/A → SELL | 仅日线信号: SELL (无小时线数据)
2026-07-24 23:42:06 | INFO  | SIGNAL 沪深300ETF | 日BUY 时N/A → BUY | 仅日线信号: BUY (无小时线数据)
2026-07-24 23:42:06 | INFO  | SIGNAL 科创50ETF | 日SELL 时N/A → SELL | 仅日线信号: SELL (无小时线数据)
2026-07-24 23:42:06 | INFO  | SIGNAL 半导体ETF | 日SELL 时N/A → SELL | 仅日线信号: SELL (无小时线数据)
2026-07-24 23:42:06 | INFO  | SIGNAL 芯片ETF | 日SELL 时N/A → SELL | 仅日线信号: SELL (无小时线数据)
2026-07-24 23:42:06 | INFO  | 159915 | SELL | 1000股 @3.093 | 成交额0 | 费0.00 | 净0 | 信号SELL
2026-07-24 23:42:06 | INFO  | 510300 | BUY | 700股 @4.618 | 成交额0 | 费0.00 | 净0 | 策略信号
2026-07-24 23:42:06 | INFO  | SIGNAL 科创50ETF | 日SELL 时N/A → SELL | 仅日线信号: SELL (无小时线数据)
2026-07-24 23:42:06 | INFO  | SIGNAL 半导体ETF | 日SELL 时N/A → SELL | 仅日线信号: SELL (无小时线数据)
2026-07-24 23:42:06 | INFO  | SIGNAL 芯片ETF | 日SELL 时N/A → SELL | 仅日线信号: SELL (无小时线数据)
2026-07-24 23:42:06 | INFO  | SIGNAL 黄金ETF | 日BUY 时N/A → BUY | 仅日线信号: BUY (无小时线数据)
2026-07-24 23:42:06 | INFO  | 510300 | SELL | 1400股 @4.587 | 成交额0 | 费0.00 | 净0 | 信号SELL
2026-07-24 23:42:06 | INFO  | 518880 | BUY | 700股 @8.882 | 成交额0 | 费0.00 | 净0 | 策略信号
2026-07-24 23:42:06 | INFO  | SIGNAL 科创50ETF | 日SELL 时N/A → SELL | 仅日线信号: SELL (无小时线数据)
2026-07-24 23:42:06 | INFO  | SIGNAL 半导体ETF | 日SELL 时N/A → SELL | 仅日线信号: SELL (无小时线数据)
2026-07-24 23:42:06 | INFO  | SIGNAL 芯片ETF | 日SELL 时N/A → SELL | 仅日线信号: SELL (无小时线数据)
2026-07-24 23:42:06 | INFO  | SIGNAL 黄金ETF | 日BUY 时N/A → BUY | 仅日线信号: BUY (无小时线数据)
2026-07-24 23:42:06 | INFO  | SIGNAL 通信ETF | 日SELL 时N/A → SELL | 仅日线信号: SELL (无小时线数据)
2026-07-24 23:42:07 | INFO  | SIGNAL 科创50ETF | 日SELL 时N/A → SELL | 仅日线信号: SELL (无小时线数据)
2026-07-24 23:42:07 | INFO  | SIGNAL 半导体ETF | 日SELL 时N/A → SELL | 仅日线信号: SELL (无小时线数据)
2026-07-24 23:42:07 | INFO  | SIGNAL 芯片ETF | 日SELL 时N/A → SELL | 仅日线信号: SELL (无小时线数据)
2026-07-24 23:42:07 | INFO  | SIGNAL 黄金ETF | 日BUY 时N/A → BUY | 仅日线信号: BUY (无小时线数据)
2026-07-24 23:42:07 | INFO  | SIGNAL 通信ETF | 日SELL 时N/A → SELL | 仅日线信号: SELL (无小时线数据)
2026-07-24 23:42:07 | INFO  | SIGNAL 创业板ETF | 日SELL 时N/A → SELL | 仅日线信号: SELL (无小时线数据)
2026-07-24 23:42:07 | INFO  | SIGNAL 半导体ETF | 日SELL 时N/A → SELL | 仅日线信号: SELL (无小时线数据)
2026-07-24 23:42:07 | INFO  | SIGNAL 黄金ETF | 日BUY 时N/A → BUY | 仅日线信号: BUY (无小时线数据)
2026-07-24 23:42:07 | INFO  | SIGNAL 通信ETF | 日SELL 时N/A → SELL | 仅日线信号: SELL (无小时线数据)
2026-07-24 23:42:07 | INFO  | SIGNAL 黄金ETF | 日BUY 时N/A → BUY | 仅日线信号: BUY (无小时线数据)
2026-07-24 23:42:07 | INFO  | SIGNAL 黄金ETF | 日BUY 时N/A → BUY | 仅日线信号: BUY (无小时线数据)
2026-07-24 23:42:07 | INFO  | SIGNAL 创业板ETF | 日SELL 时N/A → SELL | 仅日线信号: SELL (无小时线数据)
2026-07-24 23:42:07 | INFO  | SIGNAL 科创50ETF | 日SELL 时N/A → SELL | 仅日线信号: SELL (无小时线数据)
2026-07-24 23:42:07 | INFO  | SIGNAL 半导体ETF | 日SELL 时N/A → SELL | 仅日线信号: SELL (无小时线数据)
2026-07-24 23:42:07 | INFO  | SIGNAL 芯片ETF | 日SELL 时N/A → SELL | 仅日线信号: SELL (无小时线数据)
2026-07-24 23:42:07 | INFO  | SIGNAL 黄金ETF | 日BUY 时N/A → BUY | 仅日线信号: BUY (无小时线数据)
2026-07-24 23:42:07 | INFO  | SIGNAL 通信ETF | 日SELL 时N/A → SELL | 仅日线信号: SELL (无小时线数据)
2026-07-24 23:42:07 | INFO  | SIGNAL 沪深300ETF | 日SELL 时N/A → SELL | 仅日线信号: SELL (无小时线数据)
2026-07-24 23:42:07 | INFO  | SIGNAL 创业板ETF | 日SELL 时N/A → SELL | 仅日线信号: SELL (无小时线数据)
2026-07-24 23:42:07 | INFO  | SIGNAL 科创50ETF | 日SELL 时N/A → SELL | 仅日线信号: SELL (无小时线数据)
2026-07-24 23:42:07 | INFO  | SIGNAL 半导体ETF | 日SELL 时N/A → SELL | 仅日线信号: SELL (无小时线数据)
2026-07-24 23:42:07 | INFO  | SIGNAL 芯片ETF | 日SELL 时N/A → SELL | 仅日线信号: SELL (无小时线数据)
2026-07-24 23:42:07 | INFO  | SIGNAL 黄金ETF | 日BUY 时N/A → BUY | 仅日线信号: BUY (无小时线数据)
2026-07-24 23:42:07 | INFO  | SIGNAL 通信ETF | 日SELL 时N/A → SELL | 仅日线信号: SELL (无小时线数据)
2026-07-24 23:42:07 | INFO  | SIGNAL 沪深300ETF | 日SELL 时N/A → SELL | 仅日线信号: SELL (无小时线数据)
2026-07-24 23:42:07 | INFO  | SIGNAL 创业板ETF | 日SELL 时N/A → SELL | 仅日线信号: SELL (无小时线数据)
2026-07-24 23:42:07 | INFO  | SIGNAL 科创50ETF | 日SELL 时N/A → SELL | 仅日线信号: SELL (无小时线数据)
2026-07-24 23:42:07 | INFO  | SIGNAL 半导体ETF | 日SELL 时N/A → SELL | 仅日线信号: SELL (无小时线数据)
2026-07-24 23:42:07 | INFO  | SIGNAL 芯片ETF | 日SELL 时N/A → SELL | 仅日线信号: SELL (无小时线数据)
2026-07-24 23:42:07 | INFO  | SIGNAL 黄金ETF | 日BUY 时N/A → BUY | 仅日线信号: BUY (无小时线数据)
2026-07-24 23:42:07 | INFO  | SIGNAL 通信ETF | 日SELL 时N/A → SELL | 仅日线信号: SELL (无小时线数据)
2026-07-24 23:42:07 | INFO  | SIGNAL 沪深300ETF | 日SELL 时N/A → SELL | 仅日线信号: SELL (无小时线数据)
2026-07-24 23:42:07 | INFO  | SIGNAL 创业板ETF | 日SELL 时N/A → SELL | 仅日线信号: SELL (无小时线数据)
2026-07-24 23:42:07 | INFO  | SIGNAL 科创50ETF | 日SELL 时N/A → SELL | 仅日线信号: SELL (无小时线数据)
2026-07-24 23:42:07 | INFO  | SIGNAL 半导体ETF | 日SELL 时N/A → SELL | 仅日线信号: SELL (无小时线数据)
2026-07-24 23:42:07 | INFO  | SIGNAL 芯片ETF | 日SELL 时N/A → SELL | 仅日线信号: SELL (无小时线数据)
2026-07-24 23:42:07 | INFO  | SIGNAL 黄金ETF | 日BUY 时N/A → BUY | 仅日线信号: BUY (无小时线数据)
2026-07-24 23:42:07 | INFO  | SIGNAL 通信ETF | 日SELL 时N/A → SELL | 仅日线信号: SELL (无小时线数据)
2026-07-24 23:42:07 | INFO  | SIGNAL 沪深300ETF | 日SELL 时N/A → SELL | 仅日线信号: SELL (无小时线数据)
2026-07-24 23:42:07 | INFO  | SIGNAL 创业板ETF | 日SELL 时N/A → SELL | 仅日线信号: SELL (无小时线数据)
2026-07-24 23:42:07 | INFO  | SIGNAL 科创50ETF | 日SELL 时N/A → SELL | 仅日线信号: SELL (无小时线数据)
2026-07-24 23:42:07 | INFO  | SIGNAL 半导体ETF | 日SELL 时N/A → SELL | 仅日线信号: SELL (无小时线数据)
2026-07-24 23:42:07 | INFO  | SIGNAL 芯片ETF | 日SELL 时N/A → SELL | 仅日线信号: SELL (无小时线数据)
2026-07-24 23:42:07 | INFO  | SIGNAL 黄金ETF | 日BUY 时N/A → BUY | 仅日线信号: BUY (无小时线数据)
2026-07-24 23:42:07 | INFO  | SIGNAL 沪深300ETF | 日SELL 时N/A → SELL | 仅日线信号: SELL (无小时线数据)
2026-07-24 23:42:07 | INFO  | SIGNAL 创业板ETF | 日SELL 时N/A → SELL | 仅日线信号: SELL (无小时线数据)
2026-07-24 23:42:07 | INFO  | SIGNAL 科创50ETF | 日SELL 时N/A → SELL | 仅日线信号: SELL (无小时线数据)
2026-07-24 23:42:07 | INFO  | SIGNAL 半导体ETF | 日SELL 时N/A → SELL | 仅日线信号: SELL (无小时线数据)
2026-07-24 23:42:07 | INFO  | SIGNAL 芯片ETF | 日SELL 时N/A → SELL | 仅日线信号: SELL (无小时线数据)
2026-07-24 23:42:07 | INFO  | SIGNAL 黄金ETF | 日BUY 时N/A → BUY | 仅日线信号: BUY (无小时线数据)
2026-07-24 23:42:07 | INFO  | SIGNAL 通信ETF | 日BUY 时N/A → BUY | 仅日线信号: BUY (无小时线数据)
2026-07-24 23:42:07 | INFO  | 515880 | BUY | 400股 @0.460 | 成交额0 | 费0.00 | 净0 | 策略信号
2026-07-24 23:42:07 | INFO  | SIGNAL 沪深300ETF | 日SELL 时N/A → SELL | 仅日线信号: SELL (无小时线数据)
2026-07-24 23:42:07 | INFO  | SIGNAL 创业板ETF | 日SELL 时N/A → SELL | 仅日线信号: SELL (无小时线数据)
2026-07-24 23:42:07 | INFO  | SIGNAL 科创50ETF | 日SELL 时N/A → SELL | 仅日线信号: SELL (无小时线数据)
2026-07-24 23:42:07 | INFO  | SIGNAL 半导体ETF | 日SELL 时N/A → SELL | 仅日线信号: SELL (无小时线数据)
2026-07-24 23:42:07 | INFO  | SIGNAL 芯片ETF | 日SELL 时N/A → SELL | 仅日线信号: SELL (无小时线数据)
2026-07-24 23:42:07 | INFO  | SIGNAL 黄金ETF | 日BUY 时N/A → BUY | 仅日线信号: BUY (无小时线数据)
2026-07-24 23:42:07 | INFO  | SIGNAL 通信ETF | 日BUY 时N/A → BUY | 仅日线信号: BUY (无小时线数据)
2026-07-24 23:42:07 | INFO  | 515880 | BUY | 200股 @0.456 | 成交额0 | 费0.00 | 净0 | 策略信号
2026-07-24 23:42:07 | INFO  | SIGNAL 沪深300ETF | 日SELL 时N/A → SELL | 仅日线信号: SELL (无小时线数据)
2026-07-24 23:42:07 | INFO  | SIGNAL 创业板ETF | 日SELL 时N/A → SELL | 仅日线信号: SELL (无小时线数据)
2026-07-24 23:42:07 | INFO  | SIGNAL 科创50ETF | 日SELL 时N/A → SELL | 仅日线信号: SELL (无小时线数据)
2026-07-24 23:42:07 | INFO  | SIGNAL 芯片ETF | 日SELL 时N/A → SELL | 仅日线信号: SELL (无小时线数据)
2026-07-24 23:42:07 | INFO  | SIGNAL 黄金ETF | 日BUY 时N/A → BUY | 仅日线信号: BUY (无小时线数据)
2026-07-24 23:42:07 | INFO  | 515880 | SELL | 600股 @0.460 | 成交额0 | 费0.00 | 净0 | 信号SELL
2026-07-24 23:42:07 | INFO  | SIGNAL 沪深300ETF | 日SELL 时N/A → SELL | 仅日线信号: SELL (无小时线数据)
2026-07-24 23:42:07 | INFO  | SIGNAL 科创50ETF | 日SELL 时N/A → SELL | 仅日线信号: SELL (无小时线数据)
2026-07-24 23:42:07 | INFO  | SIGNAL 黄金ETF | 日BUY 时N/A → BUY | 仅日线信号: BUY (无小时线数据)
2026-07-24 23:42:07 | INFO  | SIGNAL 通信ETF | 日BUY 时N/A → BUY | 仅日线信号: BUY (无小时线数据)
2026-07-24 23:42:07 | INFO  | 515880 | BUY | 400股 @0.465 | 成交额0 | 费0.00 | 净0 | 策略信号
2026-07-24 23:42:07 | INFO  | SIGNAL 创业板ETF | 日BUY 时N/A → BUY | 仅日线信号: BUY (无小时线数据)
2026-07-24 23:42:07 | INFO  | SIGNAL 科创50ETF | 日SELL 时N/A → SELL | 仅日线信号: SELL (无小时线数据)
2026-07-24 23:42:08 | INFO  | SIGNAL 黄金ETF | 日BUY 时N/A → BUY | 仅日线信号: BUY (无小时线数据)
2026-07-24 23:42:08 | INFO  | SIGNAL 通信ETF | 日BUY 时N/A → BUY | 仅日线信号: BUY (无小时线数据)
2026-07-24 23:42:08 | INFO  | 515880 | BUY | 100股 @0.490 | 成交额0 | 费0.00 | 净0 | 策略信号
2026-07-24 23:42:08 | INFO  | SIGNAL 创业板ETF | 日BUY 时N/A → BUY | 仅日线信号: BUY (无小时线数据)
2026-07-24 23:42:08 | INFO  | SIGNAL 科创50ETF | 日SELL 时N/A → SELL | 仅日线信号: SELL (无小时线数据)
2026-07-24 23:42:08 | INFO  | SIGNAL 黄金ETF | 日BUY 时N/A → BUY | 仅日线信号: BUY (无小时线数据)
2026-07-24 23:42:08 | INFO  | SIGNAL 通信ETF | 日BUY 时N/A → BUY | 仅日线信号: BUY (无小时线数据)
2026-07-24 23:42:08 | INFO  | 515880 | BUY | 100股 @0.505 | 成交额0 | 费0.00 | 净0 | 策略信号
2026-07-24 23:42:08 | INFO  | SIGNAL 创业板ETF | 日BUY 时N/A → BUY | 仅日线信号: BUY (无小时线数据)
2026-07-24 23:42:08 | INFO  | SIGNAL 黄金ETF | 日BUY 时N/A → BUY | 仅日线信号: BUY (无小时线数据)
2026-07-24 23:42:08 | INFO  | SIGNAL 通信ETF | 日BUY 时N/A → BUY | 仅日线信号: BUY (无小时线数据)
2026-07-24 23:42:08 | INFO  | SIGNAL 黄金ETF | 日BUY 时N/A → BUY | 仅日线信号: BUY (无小时线数据)
2026-07-24 23:42:08 | INFO  | SIGNAL 通信ETF | 日BUY 时N/A → BUY | 仅日线信号: BUY (无小时线数据)
2026-07-24 23:42:08 | INFO  | 515880 | BUY | 100股 @0.490 | 成交额0 | 费0.00 | 净0 | 策略信号
2026-07-24 23:42:08 | INFO  | SIGNAL 创业板ETF | 日BUY 时N/A → BUY | 仅日线信号: BUY (无小时线数据)
2026-07-24 23:42:08 | INFO  | SIGNAL 半导体ETF | 日BUY 时N/A → BUY | 仅日线信号: BUY (无小时线数据)
2026-07-24 23:42:08 | INFO  | SIGNAL 黄金ETF | 日BUY 时N/A → BUY | 仅日线信号: BUY (无小时线数据)
2026-07-24 23:42:08 | INFO  | SIGNAL 通信ETF | 日BUY 时N/A → BUY | 仅日线信号: BUY (无小时线数据)
2026-07-24 23:42:08 | INFO  | SIGNAL 创业板ETF | 日BUY 时N/A → BUY | 仅日线信号: BUY (无小时线数据)
2026-07-24 23:42:08 | INFO  | SIGNAL 黄金ETF | 日BUY 时N/A → BUY | 仅日线信号: BUY (无小时线数据)
2026-07-24 23:42:08 | INFO  | SIGNAL 通信ETF | 日BUY 时N/A → BUY | 仅日线信号: BUY (无小时线数据)
2026-07-24 23:42:08 | INFO  | SIGNAL 创业板ETF | 日BUY 时N/A → BUY | 仅日线信号: BUY (无小时线数据)
2026-07-24 23:42:08 | INFO  | SIGNAL 黄金ETF | 日BUY 时N/A → BUY | 仅日线信号: BUY (无小时线数据)
2026-07-24 23:42:08 | INFO  | SIGNAL 通信ETF | 日BUY 时N/A → BUY | 仅日线信号: BUY (无小时线数据)
2026-07-24 23:42:08 | INFO  | SIGNAL 创业板ETF | 日BUY 时N/A → BUY | 仅日线信号: BUY (无小时线数据)
2026-07-24 23:42:08 | INFO  | SIGNAL 黄金ETF | 日BUY 时N/A → BUY | 仅日线信号: BUY (无小时线数据)
2026-07-24 23:42:08 | INFO  | SIGNAL 通信ETF | 日BUY 时N/A → BUY | 仅日线信号: BUY (无小时线数据)
2026-07-24 23:42:08 | INFO  | SIGNAL 创业板ETF | 日BUY 时N/A → BUY | 仅日线信号: BUY (无小时线数据)
2026-07-24 23:42:08 | INFO  | SIGNAL 科创50ETF | 日SELL 时N/A → SELL | 仅日线信号: SELL (无小时线数据)
2026-07-24 23:42:08 | INFO  | SIGNAL 黄金ETF | 日BUY 时N/A → BUY | 仅日线信号: BUY (无小时线数据)
2026-07-24 23:42:08 | INFO  | SIGNAL 通信ETF | 日BUY 时N/A → BUY | 仅日线信号: BUY (无小时线数据)
2026-07-24 23:42:08 | INFO  | SIGNAL 创业板ETF | 日BUY 时N/A → BUY | 仅日线信号: BUY (无小时线数据)
2026-07-24 23:42:08 | INFO  | SIGNAL 黄金ETF | 日BUY 时N/A → BUY | 仅日线信号: BUY (无小时线数据)
2026-07-24 23:42:08 | INFO  | SIGNAL 通信ETF | 日BUY 时N/A → BUY | 仅日线信号: BUY (无小时线数据)
2026-07-24 23:42:08 | INFO  | SIGNAL 沪深300ETF | 日BUY 时N/A → BUY | 仅日线信号: BUY (无小时线数据)
2026-07-24 23:42:08 | INFO  | SIGNAL 创业板ETF | 日BUY 时N/A → BUY | 仅日线信号: BUY (无小时线数据)
2026-07-24 23:42:08 | INFO  | SIGNAL 黄金ETF | 日BUY 时N/A → BUY | 仅日线信号: BUY (无小时线数据)
2026-07-24 23:42:08 | INFO  | SIGNAL 通信ETF | 日BUY 时N/A → BUY | 仅日线信号: BUY (无小时线数据)
2026-07-24 23:42:08 | INFO  | SIGNAL 沪深300ETF | 日BUY 时N/A → BUY | 仅日线信号: BUY (无小时线数据)
2026-07-24 23:42:08 | INFO  | SIGNAL 创业板ETF | 日BUY 时N/A → BUY | 仅日线信号: BUY (无小时线数据)
2026-07-24 23:42:08 | INFO  | SIGNAL 半导体ETF | 日BUY 时N/A → BUY | 仅日线信号: BUY (无小时线数据)
2026-07-24 23:42:08 | INFO  | SIGNAL 黄金ETF | 日BUY 时N/A → BUY | 仅日线信号: BUY (无小时线数据)
2026-07-24 23:42:08 | INFO  | SIGNAL 通信ETF | 日BUY 时N/A → BUY | 仅日线信号: BUY (无小时线数据)
2026-07-24 23:42:08 | INFO  | SIGNAL 沪深300ETF | 日BUY 时N/A → BUY | 仅日线信号: BUY (无小时线数据)
2026-07-24 23:42:08 | INFO  | SIGNAL 创业板ETF | 日BUY 时N/A → BUY | 仅日线信号: BUY (无小时线数据)
2026-07-24 23:42:08 | INFO  | SIGNAL 半导体ETF | 日BUY 时N/A → BUY | 仅日线信号: BUY (无小时线数据)
2026-07-24 23:42:08 | INFO  | SIGNAL 芯片ETF | 日BUY 时N/A → BUY | 仅日线信号: BUY (无小时线数据)
2026-07-24 23:42:08 | INFO  | SIGNAL 黄金ETF | 日BUY 时N/A → BUY | 仅日线信号: BUY (无小时线数据)
2026-07-24 23:42:08 | INFO  | SIGNAL 通信ETF | 日BUY 时N/A → BUY | 仅日线信号: BUY (无小时线数据)
2026-07-24 23:42:08 | INFO  | SIGNAL 沪深300ETF | 日BUY 时N/A → BUY | 仅日线信号: BUY (无小时线数据)
2026-07-24 23:42:08 | INFO  | SIGNAL 创业板ETF | 日BUY 时N/A → BUY | 仅日线信号: BUY (无小时线数据)
2026-07-24 23:42:08 | INFO  | SIGNAL 半导体ETF | 日BUY 时N/A → BUY | 仅日线信号: BUY (无小时线数据)
2026-07-24 23:42:08 | INFO  | SIGNAL 芯片ETF | 日BUY 时N/A → BUY | 仅日线信号: BUY (无小时线数据)
2026-07-24 23:42:08 | INFO  | SIGNAL 黄金ETF | 日BUY 时N/A → BUY | 仅日线信号: BUY (无小时线数据)
2026-07-24 23:42:08 | INFO  | SIGNAL 通信ETF | 日BUY 时N/A → BUY | 仅日线信号: BUY (无小时线数据)
2026-07-24 23:42:08 | INFO  | SIGNAL 沪深300ETF | 日BUY 时N/A → BUY | 仅日线信号: BUY (无小时线数据)
2026-07-24 23:42:08 | INFO  | SIGNAL 创业板ETF | 日BUY 时N/A → BUY | 仅日线信号: BUY (无小时线数据)
2026-07-24 23:42:09 | INFO  | SIGNAL 半导体ETF | 日BUY 时N/A → BUY | 仅日线信号: BUY (无小时线数据)
2026-07-24 23:42:09 | INFO  | SIGNAL 芯片ETF | 日BUY 时N/A → BUY | 仅日线信号: BUY (无小时线数据)
2026-07-24 23:42:09 | INFO  | SIGNAL 黄金ETF | 日BUY 时N/A → BUY | 仅日线信号: BUY (无小时线数据)
2026-07-24 23:42:09 | INFO  | SIGNAL 通信ETF | 日BUY 时N/A → BUY | 仅日线信号: BUY (无小时线数据)
2026-07-24 23:42:09 | INFO  | SIGNAL 沪深300ETF | 日BUY 时N/A → BUY | 仅日线信号: BUY (无小时线数据)
2026-07-24 23:42:09 | INFO  | SIGNAL 创业板ETF | 日BUY 时N/A → BUY | 仅日线信号: BUY (无小时线数据)
2026-07-24 23:42:09 | INFO  | SIGNAL 半导体ETF | 日BUY 时N/A → BUY | 仅日线信号: BUY (无小时线数据)
2026-07-24 23:42:09 | INFO  | SIGNAL 芯片ETF | 日BUY 时N/A → BUY | 仅日线信号: BUY (无小时线数据)
2026-07-24 23:42:09 | INFO  | SIGNAL 黄金ETF | 日BUY 时N/A → BUY | 仅日线信号: BUY (无小时线数据)
2026-07-24 23:42:09 | INFO  | SIGNAL 通信ETF | 日BUY 时N/A → BUY | 仅日线信号: BUY (无小时线数据)
2026-07-24 23:42:09 | INFO  | SIGNAL 沪深300ETF | 日BUY 时N/A → BUY | 仅日线信号: BUY (无小时线数据)
2026-07-24 23:42:09 | INFO  | SIGNAL 创业板ETF | 日BUY 时N/A → BUY | 仅日线信号: BUY (无小时线数据)
2026-07-24 23:42:09 | INFO  | SIGNAL 科创50ETF | 日BUY 时N/A → BUY | 仅日线信号: BUY (无小时线数据)
2026-07-24 23:42:09 | INFO  | SIGNAL 半导体ETF | 日BUY 时N/A → BUY | 仅日线信号: BUY (无小时线数据)
2026-07-24 23:42:09 | INFO  | SIGNAL 芯片ETF | 日BUY 时N/A → BUY | 仅日线信号: BUY (无小时线数据)
2026-07-24 23:42:09 | INFO  | SIGNAL 黄金ETF | 日BUY 时N/A → BUY | 仅日线信号: BUY (无小时线数据)
2026-07-24 23:42:09 | INFO  | SIGNAL 通信ETF | 日BUY 时N/A → BUY | 仅日线信号: BUY (无小时线数据)
2026-07-24 23:42:09 | INFO  | SIGNAL 沪深300ETF | 日BUY 时N/A → BUY | 仅日线信号: BUY (无小时线数据)
2026-07-24 23:42:09 | INFO  | SIGNAL 创业板ETF | 日BUY 时N/A → BUY | 仅日线信号: BUY (无小时线数据)
2026-07-24 23:42:09 | INFO  | SIGNAL 科创50ETF | 日BUY 时N/A → BUY | 仅日线信号: BUY (无小时线数据)
2026-07-24 23:42:09 | INFO  | SIGNAL 半导体ETF | 日BUY 时N/A → BUY | 仅日线信号: BUY (无小时线数据)
2026-07-24 23:42:09 | INFO  | SIGNAL 芯片ETF | 日BUY 时N/A → BUY | 仅日线信号: BUY (无小时线数据)
2026-07-24 23:42:09 | INFO  | SIGNAL 黄金ETF | 日BUY 时N/A → BUY | 仅日线信号: BUY (无小时线数据)
2026-07-24 23:42:09 | INFO  | SIGNAL 通信ETF | 日BUY 时N/A → BUY | 仅日线信号: BUY (无小时线数据)
2026-07-24 23:42:09 | INFO  | SIGNAL 沪深300ETF | 日BUY 时N/A → BUY | 仅日线信号: BUY (无小时线数据)
2026-07-24 23:42:09 | INFO  | SIGNAL 创业板ETF | 日BUY 时N/A → BUY | 仅日线信号: BUY (无小时线数据)
2026-07-24 23:42:09 | INFO  | SIGNAL 科创50ETF | 日BUY 时N/A → BUY | 仅日线信号: BUY (无小时线数据)
2026-07-24 23:42:09 | INFO  | SIGNAL 半导体ETF | 日BUY 时N/A → BUY | 仅日线信号: BUY (无小时线数据)
2026-07-24 23:42:09 | INFO  | SIGNAL 芯片ETF | 日BUY 时N/A → BUY | 仅日线信号: BUY (无小时线数据)
2026-07-24 23:42:09 | INFO  | SIGNAL 黄金ETF | 日BUY 时N/A → BUY | 仅日线信号: BUY (无小时线数据)
2026-07-24 23:42:09 | INFO  | SIGNAL 通信ETF | 日BUY 时N/A → BUY | 仅日线信号: BUY (无小时线数据)
2026-07-24 23:42:09 | INFO  | SIGNAL 沪深300ETF | 日BUY 时N/A → BUY | 仅日线信号: BUY (无小时线数据)
2026-07-24 23:42:09 | INFO  | SIGNAL 创业板ETF | 日BUY 时N/A → BUY | 仅日线信号: BUY (无小时线数据)
2026-07-24 23:42:09 | INFO  | SIGNAL 科创50ETF | 日BUY 时N/A → BUY | 仅日线信号: BUY (无小时线数据)
2026-07-24 23:42:09 | INFO  | SIGNAL 半导体ETF | 日BUY 时N/A → BUY | 仅日线信号: BUY (无小时线数据)
2026-07-24 23:42:09 | INFO  | SIGNAL 芯片ETF | 日BUY 时N/A → BUY | 仅日线信号: BUY (无小时线数据)
2026-07-24 23:42:09 | INFO  | SIGNAL 黄金ETF | 日BUY 时N/A → BUY | 仅日线信号: BUY (无小时线数据)
2026-07-24 23:42:09 | INFO  | SIGNAL 通信ETF | 日BUY 时N/A → BUY | 仅日线信号: BUY (无小时线数据)
2026-07-24 23:42:09 | INFO  | SIGNAL 沪深300ETF | 日BUY 时N/A → BUY | 仅日线信号: BUY (无小时线数据)
2026-07-24 23:42:09 | INFO  | SIGNAL 创业板ETF | 日BUY 时N/A → BUY | 仅日线信号: BUY (无小时线数据)
2026-07-24 23:42:09 | INFO  | SIGNAL 科创50ETF | 日BUY 时N/A → BUY | 仅日线信号: BUY (无小时线数据)
2026-07-24 23:42:09 | INFO  | SIGNAL 半导体ETF | 日BUY 时N/A → BUY | 仅日线信号: BUY (无小时线数据)
2026-07-24 23:42:09 | INFO  | SIGNAL 芯片ETF | 日BUY 时N/A → BUY | 仅日线信号: BUY (无小时线数据)
2026-07-24 23:42:09 | INFO  | SIGNAL 黄金ETF | 日BUY 时N/A → BUY | 仅日线信号: BUY (无小时线数据)
2026-07-24 23:42:09 | INFO  | SIGNAL 通信ETF | 日BUY 时N/A → BUY | 仅日线信号: BUY (无小时线数据)
2026-07-24 23:42:09 | INFO  | SIGNAL 沪深300ETF | 日BUY 时N/A → BUY | 仅日线信号: BUY (无小时线数据)
2026-07-24 23:42:09 | INFO  | SIGNAL 创业板ETF | 日BUY 时N/A → BUY | 仅日线信号: BUY (无小时线数据)
2026-07-24 23:42:09 | INFO  | SIGNAL 科创50ETF | 日BUY 时N/A → BUY | 仅日线信号: BUY (无小时线数据)
2026-07-24 23:42:09 | INFO  | SIGNAL 半导体ETF | 日BUY 时N/A → BUY | 仅日线信号: BUY (无小时线数据)
2026-07-24 23:42:09 | INFO  | SIGNAL 芯片ETF | 日BUY 时N/A → BUY | 仅日线信号: BUY (无小时线数据)
2026-07-24 23:42:09 | INFO  | SIGNAL 黄金ETF | 日BUY 时N/A → BUY | 仅日线信号: BUY (无小时线数据)
2026-07-24 23:42:09 | INFO  | SIGNAL 通信ETF | 日BUY 时N/A → BUY | 仅日线信号: BUY (无小时线数据)
2026-07-24 23:42:09 | INFO  | SIGNAL 沪深300ETF | 日BUY 时N/A → BUY | 仅日线信号: BUY (无小时线数据)
2026-07-24 23:42:09 | INFO  | SIGNAL 创业板ETF | 日BUY 时N/A → BUY | 仅日线信号: BUY (无小时线数据)
2026-07-24 23:42:09 | INFO  | SIGNAL 科创50ETF | 日BUY 时N/A → BUY | 仅日线信号: BUY (无小时线数据)
2026-07-24 23:42:09 | INFO  | SIGNAL 半导体ETF | 日BUY 时N/A → BUY | 仅日线信号: BUY (无小时线数据)
2026-07-24 23:42:09 | INFO  | SIGNAL 芯片ETF | 日BUY 时N/A → BUY | 仅日线信号: BUY (无小时线数据)
2026-07-24 23:42:09 | INFO  | SIGNAL 黄金ETF | 日BUY 时N/A → BUY | 仅日线信号: BUY (无小时线数据)
2026-07-24 23:42:09 | INFO  | SIGNAL 通信ETF | 日BUY 时N/A → BUY | 仅日线信号: BUY (无小时线数据)
2026-07-24 23:42:09 | INFO  | SIGNAL 沪深300ETF | 日BUY 时N/A → BUY | 仅日线信号: BUY (无小时线数据)
2026-07-24 23:42:09 | INFO  | SIGNAL 创业板ETF | 日BUY 时N/A → BUY | 仅日线信号: BUY (无小时线数据)
2026-07-24 23:42:09 | INFO  | SIGNAL 科创50ETF | 日BUY 时N/A → BUY | 仅日线信号: BUY (无小时线数据)
2026-07-24 23:42:09 | INFO  | SIGNAL 半导体ETF | 日BUY 时N/A → BUY | 仅日线信号: BUY (无小时线数据)
2026-07-24 23:42:09 | INFO  | SIGNAL 芯片ETF | 日BUY 时N/A → BUY | 仅日线信号: BUY (无小时线数据)
2026-07-24 23:42:09 | INFO  | SIGNAL 黄金ETF | 日BUY 时N/A → BUY | 仅日线信号: BUY (无小时线数据)
2026-07-24 23:42:09 | INFO  | SIGNAL 通信ETF | 日BUY 时N/A → BUY | 仅日线信号: BUY (无小时线数据)
2026-07-24 23:42:09 | INFO  | SIGNAL 沪深300ETF | 日BUY 时N/A → BUY | 仅日线信号: BUY (无小时线数据)
2026-07-24 23:42:09 | INFO  | SIGNAL 创业板ETF | 日BUY 时N/A → BUY | 仅日线信号: BUY (无小时线数据)
2026-07-24 23:42:09 | INFO  | SIGNAL 科创50ETF | 日BUY 时N/A → BUY | 仅日线信号: BUY (无小时线数据)
2026-07-24 23:42:09 | INFO  | SIGNAL 半导体ETF | 日BUY 时N/A → BUY | 仅日线信号: BUY (无小时线数据)
2026-07-24 23:42:09 | INFO  | SIGNAL 芯片ETF | 日BUY 时N/A → BUY | 仅日线信号: BUY (无小时线数据)
2026-07-24 23:42:09 | INFO  | SIGNAL 黄金ETF | 日BUY 时N/A → BUY | 仅日线信号: BUY (无小时线数据)
2026-07-24 23:42:09 | INFO  | SIGNAL 通信ETF | 日BUY 时N/A → BUY | 仅日线信号: BUY (无小时线数据)
2026-07-24 23:42:09 | INFO  | SIGNAL 沪深300ETF | 日BUY 时N/A → BUY | 仅日线信号: BUY (无小时线数据)
2026-07-24 23:42:09 | INFO  | SIGNAL 创业板ETF | 日BUY 时N/A → BUY | 仅日线信号: BUY (无小时线数据)
2026-07-24 23:42:09 | INFO  | SIGNAL 科创50ETF | 日BUY 时N/A → BUY | 仅日线信号: BUY (无小时线数据)
2026-07-24 23:42:09 | INFO  | SIGNAL 半导体ETF | 日BUY 时N/A → BUY | 仅日线信号: BUY (无小时线数据)
2026-07-24 23:42:09 | INFO  | SIGNAL 芯片ETF | 日BUY 时N/A → BUY | 仅日线信号: BUY (无小时线数据)
2026-07-24 23:42:09 | INFO  | SIGNAL 黄金ETF | 日BUY 时N/A → BUY | 仅日线信号: BUY (无小时线数据)
2026-07-24 23:42:09 | INFO  | SIGNAL 通信ETF | 日BUY 时N/A → BUY | 仅日线信号: BUY (无小时线数据)
2026-07-24 23:42:09 | INFO  | SIGNAL 沪深300ETF | 日BUY 时N/A → BUY | 仅日线信号: BUY (无小时线数据)
2026-07-24 23:42:09 | INFO  | SIGNAL 创业板ETF | 日BUY 时N/A → BUY | 仅日线信号: BUY (无小时线数据)
2026-07-24 23:42:09 | INFO  | SIGNAL 科创50ETF | 日BUY 时N/A → BUY | 仅日线信号: BUY (无小时线数据)
2026-07-24 23:42:09 | INFO  | SIGNAL 半导体ETF | 日BUY 时N/A → BUY | 仅日线信号: BUY (无小时线数据)
2026-07-24 23:42:09 | INFO  | SIGNAL 芯片ETF | 日BUY 时N/A → BUY | 仅日线信号: BUY (无小时线数据)
2026-07-24 23:42:09 | INFO  | SIGNAL 黄金ETF | 日BUY 时N/A → BUY | 仅日线信号: BUY (无小时线数据)
2026-07-24 23:42:09 | INFO  | SIGNAL 通信ETF | 日BUY 时N/A → BUY | 仅日线信号: BUY (无小时线数据)
2026-07-24 23:42:09 | INFO  | SIGNAL 沪深300ETF | 日BUY 时N/A → BUY | 仅日线信号: BUY (无小时线数据)
2026-07-24 23:42:09 | INFO  | SIGNAL 创业板ETF | 日BUY 时N/A → BUY | 仅日线信号: BUY (无小时线数据)
2026-07-24 23:42:09 | INFO  | SIGNAL 科创50ETF | 日BUY 时N/A → BUY | 仅日线信号: BUY (无小时线数据)
2026-07-24 23:42:09 | INFO  | SIGNAL 半导体ETF | 日BUY 时N/A → BUY | 仅日线信号: BUY (无小时线数据)
2026-07-24 23:42:10 | INFO  | SIGNAL 芯片ETF | 日BUY 时N/A → BUY | 仅日线信号: BUY (无小时线数据)
2026-07-24 23:42:10 | INFO  | SIGNAL 黄金ETF | 日BUY 时N/A → BUY | 仅日线信号: BUY (无小时线数据)
2026-07-24 23:42:10 | INFO  | SIGNAL 通信ETF | 日BUY 时N/A → BUY | 仅日线信号: BUY (无小时线数据)
2026-07-24 23:42:10 | INFO  | SIGNAL 沪深300ETF | 日BUY 时N/A → BUY | 仅日线信号: BUY (无小时线数据)
2026-07-24 23:42:10 | INFO  | SIGNAL 创业板ETF | 日BUY 时N/A → BUY | 仅日线信号: BUY (无小时线数据)
2026-07-24 23:42:10 | INFO  | SIGNAL 科创50ETF | 日BUY 时N/A → BUY | 仅日线信号: BUY (无小时线数据)
2026-07-24 23:42:10 | INFO  | SIGNAL 半导体ETF | 日BUY 时N/A → BUY | 仅日线信号: BUY (无小时线数据)
2026-07-24 23:42:10 | INFO  | SIGNAL 芯片ETF | 日BUY 时N/A → BUY | 仅日线信号: BUY (无小时线数据)
2026-07-24 23:42:10 | INFO  | SIGNAL 黄金ETF | 日BUY 时N/A → BUY | 仅日线信号: BUY (无小时线数据)
2026-07-24 23:42:10 | INFO  | SIGNAL 通信ETF | 日BUY 时N/A → BUY | 仅日线信号: BUY (无小时线数据)
2026-07-24 23:42:10 | INFO  | SIGNAL 沪深300ETF | 日BUY 时N/A → BUY | 仅日线信号: BUY (无小时线数据)
2026-07-24 23:42:10 | INFO  | SIGNAL 创业板ETF | 日BUY 时N/A → BUY | 仅日线信号: BUY (无小时线数据)
2026-07-24 23:42:10 | INFO  | SIGNAL 科创50ETF | 日BUY 时N/A → BUY | 仅日线信号: BUY (无小时线数据)
2026-07-24 23:42:10 | INFO  | SIGNAL 半导体ETF | 日BUY 时N/A → BUY | 仅日线信号: BUY (无小时线数据)
2026-07-24 23:42:10 | INFO  | SIGNAL 芯片ETF | 日BUY 时N/A → BUY | 仅日线信号: BUY (无小时线数据)
2026-07-24 23:42:10 | INFO  | SIGNAL 黄金ETF | 日BUY 时N/A → BUY | 仅日线信号: BUY (无小时线数据)
2026-07-24 23:42:10 | INFO  | SIGNAL 通信ETF | 日BUY 时N/A → BUY | 仅日线信号: BUY (无小时线数据)
2026-07-24 23:42:10 | INFO  | SIGNAL 沪深300ETF | 日BUY 时N/A → BUY | 仅日线信号: BUY (无小时线数据)
2026-07-24 23:42:10 | INFO  | SIGNAL 创业板ETF | 日BUY 时N/A → BUY | 仅日线信号: BUY (无小时线数据)
2026-07-24 23:42:10 | INFO  | SIGNAL 科创50ETF | 日BUY 时N/A → BUY | 仅日线信号: BUY (无小时线数据)
2026-07-24 23:42:10 | INFO  | SIGNAL 半导体ETF | 日BUY 时N/A → BUY | 仅日线信号: BUY (无小时线数据)
2026-07-24 23:42:10 | INFO  | SIGNAL 芯片ETF | 日BUY 时N/A → BUY | 仅日线信号: BUY (无小时线数据)
2026-07-24 23:42:10 | INFO  | SIGNAL 黄金ETF | 日BUY 时N/A → BUY | 仅日线信号: BUY (无小时线数据)
2026-07-24 23:42:10 | INFO  | SIGNAL 通信ETF | 日BUY 时N/A → BUY | 仅日线信号: BUY (无小时线数据)
2026-07-24 23:42:10 | INFO  | SIGNAL 沪深300ETF | 日BUY 时N/A → BUY | 仅日线信号: BUY (无小时线数据)
2026-07-24 23:42:10 | INFO  | SIGNAL 创业板ETF | 日BUY 时N/A → BUY | 仅日线信号: BUY (无小时线数据)
2026-07-24 23:42:10 | INFO  | SIGNAL 科创50ETF | 日BUY 时N/A → BUY | 仅日线信号: BUY (无小时线数据)
2026-07-24 23:42:10 | INFO  | SIGNAL 半导体ETF | 日BUY 时N/A → BUY | 仅日线信号: BUY (无小时线数据)
2026-07-24 23:42:10 | INFO  | SIGNAL 芯片ETF | 日BUY 时N/A → BUY | 仅日线信号: BUY (无小时线数据)
2026-07-24 23:42:10 | INFO  | SIGNAL 黄金ETF | 日BUY 时N/A → BUY | 仅日线信号: BUY (无小时线数据)
2026-07-24 23:42:10 | INFO  | 515880 | SELL | 700股 @0.529 | 成交额0 | 费0.00 | 净0 | 信号SELL
2026-07-24 23:42:10 | INFO  | SIGNAL 沪深300ETF | 日BUY 时N/A → BUY | 仅日线信号: BUY (无小时线数据)
2026-07-24 23:42:10 | INFO  | SIGNAL 创业板ETF | 日BUY 时N/A → BUY | 仅日线信号: BUY (无小时线数据)
2026-07-24 23:42:10 | INFO  | SIGNAL 科创50ETF | 日BUY 时N/A → BUY | 仅日线信号: BUY (无小时线数据)
2026-07-24 23:42:10 | INFO  | SIGNAL 半导体ETF | 日BUY 时N/A → BUY | 仅日线信号: BUY (无小时线数据)
2026-07-24 23:42:10 | INFO  | SIGNAL 芯片ETF | 日BUY 时N/A → BUY | 仅日线信号: BUY (无小时线数据)
2026-07-24 23:42:10 | INFO  | SIGNAL 黄金ETF | 日BUY 时N/A → BUY | 仅日线信号: BUY (无小时线数据)
2026-07-24 23:42:10 | INFO  | SIGNAL 创业板ETF | 日BUY 时N/A → BUY | 仅日线信号: BUY (无小时线数据)
2026-07-24 23:42:10 | INFO  | SIGNAL 科创50ETF | 日BUY 时N/A → BUY | 仅日线信号: BUY (无小时线数据)
2026-07-24 23:42:10 | INFO  | SIGNAL 半导体ETF | 日BUY 时N/A → BUY | 仅日线信号: BUY (无小时线数据)
2026-07-24 23:42:10 | INFO  | SIGNAL 芯片ETF | 日BUY 时N/A → BUY | 仅日线信号: BUY (无小时线数据)
2026-07-24 23:42:10 | INFO  | SIGNAL 黄金ETF | 日BUY 时N/A → BUY | 仅日线信号: BUY (无小时线数据)
2026-07-24 23:42:10 | INFO  | SIGNAL 创业板ETF | 日BUY 时N/A → BUY | 仅日线信号: BUY (无小时线数据)
2026-07-24 23:42:10 | INFO  | SIGNAL 科创50ETF | 日BUY 时N/A → BUY | 仅日线信号: BUY (无小时线数据)
2026-07-24 23:42:10 | INFO  | SIGNAL 半导体ETF | 日BUY 时N/A → BUY | 仅日线信号: BUY (无小时线数据)
2026-07-24 23:42:10 | INFO  | SIGNAL 芯片ETF | 日BUY 时N/A → BUY | 仅日线信号: BUY (无小时线数据)
2026-07-24 23:42:10 | INFO  | SIGNAL 黄金ETF | 日BUY 时N/A → BUY | 仅日线信号: BUY (无小时线数据)
2026-07-24 23:42:10 | INFO  | SIGNAL 创业板ETF | 日BUY 时N/A → BUY | 仅日线信号: BUY (无小时线数据)
2026-07-24 23:42:10 | INFO  | SIGNAL 科创50ETF | 日BUY 时N/A → BUY | 仅日线信号: BUY (无小时线数据)
2026-07-24 23:42:10 | INFO  | SIGNAL 半导体ETF | 日BUY 时N/A → BUY | 仅日线信号: BUY (无小时线数据)
2026-07-24 23:42:10 | INFO  | SIGNAL 芯片ETF | 日BUY 时N/A → BUY | 仅日线信号: BUY (无小时线数据)
2026-07-24 23:42:10 | INFO  | SIGNAL 黄金ETF | 日BUY 时N/A → BUY | 仅日线信号: BUY (无小时线数据)
2026-07-24 23:42:10 | INFO  | SIGNAL 通信ETF | 日BUY 时N/A → BUY | 仅日线信号: BUY (无小时线数据)
2026-07-24 23:42:10 | INFO  | 515880 | BUY | 100股 @0.533 | 成交额0 | 费0.00 | 净0 | 策略信号
2026-07-24 23:42:10 | INFO  | SIGNAL 创业板ETF | 日BUY 时N/A → BUY | 仅日线信号: BUY (无小时线数据)
2026-07-24 23:42:10 | INFO  | SIGNAL 科创50ETF | 日BUY 时N/A → BUY | 仅日线信号: BUY (无小时线数据)
2026-07-24 23:42:10 | INFO  | SIGNAL 半导体ETF | 日BUY 时N/A → BUY | 仅日线信号: BUY (无小时线数据)
2026-07-24 23:42:10 | INFO  | SIGNAL 芯片ETF | 日BUY 时N/A → BUY | 仅日线信号: BUY (无小时线数据)
2026-07-24 23:42:10 | INFO  | SIGNAL 黄金ETF | 日BUY 时N/A → BUY | 仅日线信号: BUY (无小时线数据)
2026-07-24 23:42:10 | INFO  | SIGNAL 通信ETF | 日BUY 时N/A → BUY | 仅日线信号: BUY (无小时线数据)
2026-07-24 23:42:10 | INFO  | 515880 | BUY | 100股 @0.527 | 成交额0 | 费0.00 | 净0 | 策略信号
2026-07-24 23:42:10 | INFO  | SIGNAL 科创50ETF | 日BUY 时N/A → BUY | 仅日线信号: BUY (无小时线数据)
2026-07-24 23:42:10 | INFO  | SIGNAL 半导体ETF | 日BUY 时N/A → BUY | 仅日线信号: BUY (无小时线数据)
2026-07-24 23:42:10 | INFO  | SIGNAL 芯片ETF | 日BUY 时N/A → BUY | 仅日线信号: BUY (无小时线数据)
2026-07-24 23:42:10 | INFO  | SIGNAL 黄金ETF | 日BUY 时N/A → BUY | 仅日线信号: BUY (无小时线数据)
2026-07-24 23:42:10 | INFO  | SIGNAL 通信ETF | 日BUY 时N/A → BUY | 仅日线信号: BUY (无小时线数据)
2026-07-24 23:42:10 | INFO  | 515880 | BUY | 100股 @0.545 | 成交额0 | 费0.00 | 净0 | 策略信号
2026-07-24 23:42:10 | INFO  | SIGNAL 科创50ETF | 日BUY 时N/A → BUY | 仅日线信号: BUY (无小时线数据)
2026-07-24 23:42:10 | INFO  | SIGNAL 半导体ETF | 日BUY 时N/A → BUY | 仅日线信号: BUY (无小时线数据)
2026-07-24 23:42:10 | INFO  | SIGNAL 芯片ETF | 日BUY 时N/A → BUY | 仅日线信号: BUY (无小时线数据)
2026-07-24 23:42:10 | INFO  | SIGNAL 黄金ETF | 日BUY 时N/A → BUY | 仅日线信号: BUY (无小时线数据)
2026-07-24 23:42:10 | INFO  | SIGNAL 通信ETF | 日BUY 时N/A → BUY | 仅日线信号: BUY (无小时线数据)
2026-07-24 23:42:10 | INFO  | SIGNAL 半导体ETF | 日BUY 时N/A → BUY | 仅日线信号: BUY (无小时线数据)
2026-07-24 23:42:10 | INFO  | SIGNAL 芯片ETF | 日BUY 时N/A → BUY | 仅日线信号: BUY (无小时线数据)
2026-07-24 23:42:10 | INFO  | SIGNAL 黄金ETF | 日BUY 时N/A → BUY | 仅日线信号: BUY (无小时线数据)
2026-07-24 23:42:10 | INFO  | SIGNAL 通信ETF | 日BUY 时N/A → BUY | 仅日线信号: BUY (无小时线数据)
2026-07-24 23:42:10 | INFO  | 515880 | BUY | 100股 @0.542 | 成交额0 | 费0.00 | 净0 | 策略信号
2026-07-24 23:42:10 | INFO  | SIGNAL 黄金ETF | 日BUY 时N/A → BUY | 仅日线信号: BUY (无小时线数据)
2026-07-24 23:42:10 | INFO  | SIGNAL 通信ETF | 日BUY 时N/A → BUY | 仅日线信号: BUY (无小时线数据)
2026-07-24 23:42:10 | INFO  | 515880 | BUY | 100股 @0.526 | 成交额0 | 费0.00 | 净0 | 策略信号
2026-07-24 23:42:11 | INFO  | SIGNAL 黄金ETF | 日BUY 时N/A → BUY | 仅日线信号: BUY (无小时线数据)
2026-07-24 23:42:11 | INFO  | SIGNAL 通信ETF | 日BUY 时N/A → BUY | 仅日线信号: BUY (无小时线数据)
2026-07-24 23:42:11 | INFO  | 515880 | BUY | 100股 @0.513 | 成交额0 | 费0.00 | 净0 | 策略信号
2026-07-24 23:42:11 | INFO  | SIGNAL 沪深300ETF | 日SELL 时N/A → SELL | 仅日线信号: SELL (无小时线数据)
2026-07-24 23:42:11 | INFO  | 518880 | SELL | 700股 @10.357 | 成交额0 | 费0.00 | 净0 | 信号SELL
2026-07-24 23:42:11 | INFO  | 515880 | SELL | 600股 @0.509 | 成交额0 | 费0.00 | 净0 | 信号SELL
2026-07-24 23:42:11 | INFO  | SIGNAL 黄金ETF | 日BUY 时N/A → BUY | 仅日线信号: BUY (无小时线数据)
2026-07-24 23:42:11 | INFO  | 518880 | BUY | 600股 @10.719 | 成交额0 | 费0.00 | 净0 | 策略信号
2026-07-24 23:42:11 | INFO  | SIGNAL 黄金ETF | 日BUY 时N/A → BUY | 仅日线信号: BUY (无小时线数据)
2026-07-24 23:42:11 | INFO  | 518880 | BUY | 100股 @10.669 | 成交额0 | 费0.00 | 净0 | 策略信号
2026-07-24 23:42:11 | INFO  | SIGNAL 黄金ETF | 日BUY 时N/A → BUY | 仅日线信号: BUY (无小时线数据)
2026-07-24 23:42:11 | INFO  | SIGNAL 沪深300ETF | 日BUY 时N/A → BUY | 仅日线信号: BUY (无小时线数据)
2026-07-24 23:42:11 | INFO  | SIGNAL 黄金ETF | 日BUY 时N/A → BUY | 仅日线信号: BUY (无小时线数据)
2026-07-24 23:42:11 | INFO  | SIGNAL 通信ETF | 日BUY 时N/A → BUY | 仅日线信号: BUY (无小时线数据)
2026-07-24 23:42:11 | INFO  | SIGNAL 沪深300ETF | 日BUY 时N/A → BUY | 仅日线信号: BUY (无小时线数据)
2026-07-24 23:42:11 | INFO  | SIGNAL 创业板ETF | 日BUY 时N/A → BUY | 仅日线信号: BUY (无小时线数据)
2026-07-24 23:42:11 | INFO  | SIGNAL 黄金ETF | 日BUY 时N/A → BUY | 仅日线信号: BUY (无小时线数据)
2026-07-24 23:42:11 | INFO  | SIGNAL 通信ETF | 日BUY 时N/A → BUY | 仅日线信号: BUY (无小时线数据)
2026-07-24 23:42:11 | INFO  | SIGNAL 沪深300ETF | 日BUY 时N/A → BUY | 仅日线信号: BUY (无小时线数据)
2026-07-24 23:42:11 | INFO  | SIGNAL 黄金ETF | 日BUY 时N/A → BUY | 仅日线信号: BUY (无小时线数据)
2026-07-24 23:42:11 | INFO  | SIGNAL 通信ETF | 日BUY 时N/A → BUY | 仅日线信号: BUY (无小时线数据)
2026-07-24 23:42:11 | INFO  | SIGNAL 沪深300ETF | 日BUY 时N/A → BUY | 仅日线信号: BUY (无小时线数据)
2026-07-24 23:42:11 | INFO  | SIGNAL 创业板ETF | 日BUY 时N/A → BUY | 仅日线信号: BUY (无小时线数据)
2026-07-24 23:42:11 | INFO  | SIGNAL 黄金ETF | 日BUY 时N/A → BUY | 仅日线信号: BUY (无小时线数据)
2026-07-24 23:42:11 | INFO  | SIGNAL 通信ETF | 日BUY 时N/A → BUY | 仅日线信号: BUY (无小时线数据)
2026-07-24 23:42:11 | INFO  | SIGNAL 沪深300ETF | 日BUY 时N/A → BUY | 仅日线信号: BUY (无小时线数据)
2026-07-24 23:42:11 | INFO  | SIGNAL 创业板ETF | 日BUY 时N/A → BUY | 仅日线信号: BUY (无小时线数据)
2026-07-24 23:42:11 | INFO  | SIGNAL 半导体ETF | 日BUY 时N/A → BUY | 仅日线信号: BUY (无小时线数据)
2026-07-24 23:42:11 | INFO  | SIGNAL 黄金ETF | 日BUY 时N/A → BUY | 仅日线信号: BUY (无小时线数据)
2026-07-24 23:42:11 | INFO  | SIGNAL 通信ETF | 日BUY 时N/A → BUY | 仅日线信号: BUY (无小时线数据)
2026-07-24 23:42:11 | INFO  | SIGNAL 沪深300ETF | 日BUY 时N/A → BUY | 仅日线信号: BUY (无小时线数据)
2026-07-24 23:42:11 | INFO  | SIGNAL 创业板ETF | 日BUY 时N/A → BUY | 仅日线信号: BUY (无小时线数据)
2026-07-24 23:42:11 | INFO  | SIGNAL 半导体ETF | 日BUY 时N/A → BUY | 仅日线信号: BUY (无小时线数据)
2026-07-24 23:42:11 | INFO  | SIGNAL 芯片ETF | 日BUY 时N/A → BUY | 仅日线信号: BUY (无小时线数据)
2026-07-24 23:42:11 | INFO  | SIGNAL 黄金ETF | 日BUY 时N/A → BUY | 仅日线信号: BUY (无小时线数据)
2026-07-24 23:42:11 | INFO  | SIGNAL 通信ETF | 日BUY 时N/A → BUY | 仅日线信号: BUY (无小时线数据)
2026-07-24 23:42:11 | INFO  | SIGNAL 沪深300ETF | 日BUY 时N/A → BUY | 仅日线信号: BUY (无小时线数据)
2026-07-24 23:42:11 | INFO  | SIGNAL 创业板ETF | 日BUY 时N/A → BUY | 仅日线信号: BUY (无小时线数据)
2026-07-24 23:42:11 | INFO  | SIGNAL 半导体ETF | 日BUY 时N/A → BUY | 仅日线信号: BUY (无小时线数据)
2026-07-24 23:42:11 | INFO  | SIGNAL 芯片ETF | 日BUY 时N/A → BUY | 仅日线信号: BUY (无小时线数据)
2026-07-24 23:42:11 | INFO  | SIGNAL 黄金ETF | 日BUY 时N/A → BUY | 仅日线信号: BUY (无小时线数据)
2026-07-24 23:42:11 | INFO  | SIGNAL 通信ETF | 日BUY 时N/A → BUY | 仅日线信号: BUY (无小时线数据)
2026-07-24 23:42:11 | INFO  | SIGNAL 沪深300ETF | 日BUY 时N/A → BUY | 仅日线信号: BUY (无小时线数据)
2026-07-24 23:42:11 | INFO  | SIGNAL 创业板ETF | 日BUY 时N/A → BUY | 仅日线信号: BUY (无小时线数据)
2026-07-24 23:42:11 | INFO  | SIGNAL 半导体ETF | 日BUY 时N/A → BUY | 仅日线信号: BUY (无小时线数据)
2026-07-24 23:42:11 | INFO  | SIGNAL 黄金ETF | 日BUY 时N/A → BUY | 仅日线信号: BUY (无小时线数据)
2026-07-24 23:42:11 | INFO  | SIGNAL 通信ETF | 日BUY 时N/A → BUY | 仅日线信号: BUY (无小时线数据)
2026-07-24 23:42:12 | INFO  | SIGNAL 半导体ETF | 日SELL 时N/A → SELL | 仅日线信号: SELL (无小时线数据)
2026-07-24 23:42:12 | INFO  | SIGNAL 黄金ETF | 日BUY 时N/A → BUY | 仅日线信号: BUY (无小时线数据)
2026-07-24 23:42:12 | INFO  | SIGNAL 通信ETF | 日BUY 时N/A → BUY | 仅日线信号: BUY (无小时线数据)
2026-07-24 23:42:12 | INFO  | 515880 | BUY | 100股 @0.533 | 成交额0 | 费0.00 | 净0 | 策略信号
2026-07-24 23:42:12 | INFO  | SIGNAL 沪深300ETF | 日SELL 时N/A → SELL | 仅日线信号: SELL (无小时线数据)
2026-07-24 23:42:12 | INFO  | SIGNAL 创业板ETF | 日SELL 时N/A → SELL | 仅日线信号: SELL (无小时线数据)
2026-07-24 23:42:12 | INFO  | SIGNAL 科创50ETF | 日SELL 时N/A → SELL | 仅日线信号: SELL (无小时线数据)
2026-07-24 23:42:12 | INFO  | SIGNAL 半导体ETF | 日SELL 时N/A → SELL | 仅日线信号: SELL (无小时线数据)
2026-07-24 23:42:12 | INFO  | SIGNAL 芯片ETF | 日SELL 时N/A → SELL | 仅日线信号: SELL (无小时线数据)
2026-07-24 23:42:12 | INFO  | SIGNAL 黄金ETF | 日BUY 时N/A → BUY | 仅日线信号: BUY (无小时线数据)
2026-07-24 23:42:12 | INFO  | SIGNAL 通信ETF | 日BUY 时N/A → BUY | 仅日线信号: BUY (无小时线数据)
2026-07-24 23:42:12 | INFO  | SIGNAL 沪深300ETF | 日SELL 时N/A → SELL | 仅日线信号: SELL (无小时线数据)
2026-07-24 23:42:12 | INFO  | SIGNAL 创业板ETF | 日SELL 时N/A → SELL | 仅日线信号: SELL (无小时线数据)
2026-07-24 23:42:12 | INFO  | SIGNAL 科创50ETF | 日SELL 时N/A → SELL | 仅日线信号: SELL (无小时线数据)
2026-07-24 23:42:12 | INFO  | SIGNAL 半导体ETF | 日SELL 时N/A → SELL | 仅日线信号: SELL (无小时线数据)
2026-07-24 23:42:12 | INFO  | SIGNAL 芯片ETF | 日SELL 时N/A → SELL | 仅日线信号: SELL (无小时线数据)
2026-07-24 23:42:12 | INFO  | SIGNAL 黄金ETF | 日BUY 时N/A → BUY | 仅日线信号: BUY (无小时线数据)
2026-07-24 23:42:12 | INFO  | SIGNAL 通信ETF | 日BUY 时N/A → BUY | 仅日线信号: BUY (无小时线数据)
2026-07-24 23:42:12 | INFO  | SIGNAL 沪深300ETF | 日SELL 时N/A → SELL | 仅日线信号: SELL (无小时线数据)
2026-07-24 23:42:12 | INFO  | SIGNAL 创业板ETF | 日SELL 时N/A → SELL | 仅日线信号: SELL (无小时线数据)
2026-07-24 23:42:12 | INFO  | SIGNAL 半导体ETF | 日SELL 时N/A → SELL | 仅日线信号: SELL (无小时线数据)
2026-07-24 23:42:12 | INFO  | SIGNAL 黄金ETF | 日BUY 时N/A → BUY | 仅日线信号: BUY (无小时线数据)
2026-07-24 23:42:12 | INFO  | SIGNAL 通信ETF | 日BUY 时N/A → BUY | 仅日线信号: BUY (无小时线数据)
2026-07-24 23:42:12 | INFO  | SIGNAL 科创50ETF | 日SELL 时N/A → SELL | 仅日线信号: SELL (无小时线数据)
2026-07-24 23:42:12 | INFO  | SIGNAL 半导体ETF | 日SELL 时N/A → SELL | 仅日线信号: SELL (无小时线数据)
2026-07-24 23:42:12 | INFO  | SIGNAL 芯片ETF | 日SELL 时N/A → SELL | 仅日线信号: SELL (无小时线数据)
2026-07-24 23:42:12 | INFO  | SIGNAL 黄金ETF | 日BUY 时N/A → BUY | 仅日线信号: BUY (无小时线数据)
2026-07-24 23:42:12 | INFO  | SIGNAL 通信ETF | 日BUY 时N/A → BUY | 仅日线信号: BUY (无小时线数据)
2026-07-24 23:42:12 | INFO  | SIGNAL 科创50ETF | 日SELL 时N/A → SELL | 仅日线信号: SELL (无小时线数据)
2026-07-24 23:42:12 | INFO  | SIGNAL 半导体ETF | 日SELL 时N/A → SELL | 仅日线信号: SELL (无小时线数据)
2026-07-24 23:42:12 | INFO  | SIGNAL 芯片ETF | 日SELL 时N/A → SELL | 仅日线信号: SELL (无小时线数据)
2026-07-24 23:42:12 | INFO  | SIGNAL 黄金ETF | 日BUY 时N/A → BUY | 仅日线信号: BUY (无小时线数据)
2026-07-24 23:42:12 | INFO  | SIGNAL 通信ETF | 日BUY 时N/A → BUY | 仅日线信号: BUY (无小时线数据)
2026-07-24 23:42:12 | INFO  | SIGNAL 沪深300ETF | 日SELL 时N/A → SELL | 仅日线信号: SELL (无小时线数据)
2026-07-24 23:42:12 | INFO  | SIGNAL 半导体ETF | 日SELL 时N/A → SELL | 仅日线信号: SELL (无小时线数据)
2026-07-24 23:42:12 | INFO  | SIGNAL 芯片ETF | 日SELL 时N/A → SELL | 仅日线信号: SELL (无小时线数据)
2026-07-24 23:42:12 | INFO  | SIGNAL 黄金ETF | 日BUY 时N/A → BUY | 仅日线信号: BUY (无小时线数据)
2026-07-24 23:42:12 | INFO  | SIGNAL 通信ETF | 日BUY 时N/A → BUY | 仅日线信号: BUY (无小时线数据)
2026-07-24 23:42:12 | INFO  | SIGNAL 沪深300ETF | 日SELL 时N/A → SELL | 仅日线信号: SELL (无小时线数据)
2026-07-24 23:42:12 | INFO  | SIGNAL 创业板ETF | 日BUY 时N/A → BUY | 仅日线信号: BUY (无小时线数据)
2026-07-24 23:42:12 | INFO  | SIGNAL 半导体ETF | 日SELL 时N/A → SELL | 仅日线信号: SELL (无小时线数据)
2026-07-24 23:42:12 | INFO  | SIGNAL 黄金ETF | 日BUY 时N/A → BUY | 仅日线信号: BUY (无小时线数据)
2026-07-24 23:42:12 | INFO  | SIGNAL 通信ETF | 日BUY 时N/A → BUY | 仅日线信号: BUY (无小时线数据)
2026-07-24 23:42:12 | INFO  | SIGNAL 创业板ETF | 日BUY 时N/A → BUY | 仅日线信号: BUY (无小时线数据)
2026-07-24 23:42:12 | INFO  | SIGNAL 科创50ETF | 日SELL 时N/A → SELL | 仅日线信号: SELL (无小时线数据)
2026-07-24 23:42:12 | INFO  | SIGNAL 半导体ETF | 日SELL 时N/A → SELL | 仅日线信号: SELL (无小时线数据)
2026-07-24 23:42:12 | INFO  | SIGNAL 芯片ETF | 日SELL 时N/A → SELL | 仅日线信号: SELL (无小时线数据)
2026-07-24 23:42:12 | INFO  | SIGNAL 通信ETF | 日BUY 时N/A → BUY | 仅日线信号: BUY (无小时线数据)
2026-07-24 23:42:12 | INFO  | 518880 | SELL | 700股 @10.664 | 成交额0 | 费0.00 | 净0 | 信号SELL
2026-07-24 23:42:12 | INFO  | 159915 | BUY | 1000股 @3.349 | 成交额0 | 费0.00 | 净0 | 策略信号
2026-07-24 23:42:12 | INFO  | 515880 | BUY | 6600股 @0.540 | 成交额0 | 费0.00 | 净0 | 策略信号
2026-07-24 23:42:12 | INFO  | SIGNAL 沪深300ETF | 日SELL 时N/A → SELL | 仅日线信号: SELL (无小时线数据)
2026-07-24 23:42:12 | INFO  | SIGNAL 创业板ETF | 日BUY 时N/A → BUY | 仅日线信号: BUY (无小时线数据)
2026-07-24 23:42:12 | INFO  | SIGNAL 科创50ETF | 日SELL 时N/A → SELL | 仅日线信号: SELL (无小时线数据)
2026-07-24 23:42:12 | INFO  | SIGNAL 半导体ETF | 日SELL 时N/A → SELL | 仅日线信号: SELL (无小时线数据)
2026-07-24 23:42:12 | INFO  | 515880 | SELL | 6700股 @0.512 | 成交额0 | 费0.00 | 净0 | 信号SELL
2026-07-24 23:42:12 | INFO  | 159915 | BUY | 1100股 @3.273 | 成交额0 | 费0.00 | 净0 | 策略信号
2026-07-24 23:42:12 | INFO  | SIGNAL 沪深300ETF | 日SELL 时N/A → SELL | 仅日线信号: SELL (无小时线数据)
2026-07-24 23:42:12 | INFO  | SIGNAL 创业板ETF | 日BUY 时N/A → BUY | 仅日线信号: BUY (无小时线数据)
2026-07-24 23:42:12 | INFO  | SIGNAL 科创50ETF | 日SELL 时N/A → SELL | 仅日线信号: SELL (无小时线数据)
2026-07-24 23:42:12 | INFO  | SIGNAL 半导体ETF | 日SELL 时N/A → SELL | 仅日线信号: SELL (无小时线数据)
2026-07-24 23:42:12 | INFO  | SIGNAL 芯片ETF | 日SELL 时N/A → SELL | 仅日线信号: SELL (无小时线数据)
2026-07-24 23:42:12 | INFO  | 159915 | BUY | 100股 @3.338 | 成交额0 | 费0.00 | 净0 | 策略信号
2026-07-24 23:42:12 | INFO  | SIGNAL 沪深300ETF | 日SELL 时N/A → SELL | 仅日线信号: SELL (无小时线数据)
2026-07-24 23:42:12 | INFO  | SIGNAL 创业板ETF | 日BUY 时N/A → BUY | 仅日线信号: BUY (无小时线数据)
2026-07-24 23:42:12 | INFO  | SIGNAL 科创50ETF | 日SELL 时N/A → SELL | 仅日线信号: SELL (无小时线数据)
2026-07-24 23:42:12 | INFO  | SIGNAL 半导体ETF | 日SELL 时N/A → SELL | 仅日线信号: SELL (无小时线数据)
2026-07-24 23:42:12 | INFO  | SIGNAL 芯片ETF | 日SELL 时N/A → SELL | 仅日线信号: SELL (无小时线数据)
2026-07-24 23:42:12 | INFO  | SIGNAL 沪深300ETF | 日SELL 时N/A → SELL | 仅日线信号: SELL (无小时线数据)
2026-07-24 23:42:12 | INFO  | SIGNAL 创业板ETF | 日BUY 时N/A → BUY | 仅日线信号: BUY (无小时线数据)
2026-07-24 23:42:12 | INFO  | SIGNAL 科创50ETF | 日SELL 时N/A → SELL | 仅日线信号: SELL (无小时线数据)
2026-07-24 23:42:12 | INFO  | SIGNAL 半导体ETF | 日SELL 时N/A → SELL | 仅日线信号: SELL (无小时线数据)
2026-07-24 23:42:12 | INFO  | SIGNAL 芯片ETF | 日SELL 时N/A → SELL | 仅日线信号: SELL (无小时线数据)
2026-07-24 23:42:12 | INFO  | SIGNAL 沪深300ETF | 日SELL 时N/A → SELL | 仅日线信号: SELL (无小时线数据)
2026-07-24 23:42:12 | INFO  | SIGNAL 创业板ETF | 日BUY 时N/A → BUY | 仅日线信号: BUY (无小时线数据)
2026-07-24 23:42:12 | INFO  | SIGNAL 科创50ETF | 日SELL 时N/A → SELL | 仅日线信号: SELL (无小时线数据)
2026-07-24 23:42:12 | INFO  | SIGNAL 半导体ETF | 日SELL 时N/A → SELL | 仅日线信号: SELL (无小时线数据)
2026-07-24 23:42:12 | INFO  | SIGNAL 芯片ETF | 日SELL 时N/A → SELL | 仅日线信号: SELL (无小时线数据)
2026-07-24 23:42:13 | INFO  | SIGNAL 通信ETF | 日SELL 时N/A → SELL | 仅日线信号: SELL (无小时线数据)
2026-07-24 23:42:13 | INFO  | SIGNAL 沪深300ETF | 日SELL 时N/A → SELL | 仅日线信号: SELL (无小时线数据)
2026-07-24 23:42:13 | INFO  | SIGNAL 科创50ETF | 日SELL 时N/A → SELL | 仅日线信号: SELL (无小时线数据)
2026-07-24 23:42:13 | INFO  | SIGNAL 半导体ETF | 日SELL 时N/A → SELL | 仅日线信号: SELL (无小时线数据)
2026-07-24 23:42:13 | INFO  | SIGNAL 芯片ETF | 日SELL 时N/A → SELL | 仅日线信号: SELL (无小时线数据)
2026-07-24 23:42:13 | INFO  | SIGNAL 通信ETF | 日SELL 时N/A → SELL | 仅日线信号: SELL (无小时线数据)
2026-07-24 23:42:13 | INFO  | 159915 | SELL | 2200股 @3.237 | 成交额0 | 费0.00 | 净0 | 信号SELL
2026-07-24 23:42:13 | INFO  | SIGNAL 沪深300ETF | 日SELL 时N/A → SELL | 仅日线信号: SELL (无小时线数据)
2026-07-24 23:42:13 | INFO  | SIGNAL 科创50ETF | 日SELL 时N/A → SELL | 仅日线信号: SELL (无小时线数据)
2026-07-24 23:42:13 | INFO  | SIGNAL 半导体ETF | 日SELL 时N/A → SELL | 仅日线信号: SELL (无小时线数据)
2026-07-24 23:42:13 | INFO  | SIGNAL 芯片ETF | 日SELL 时N/A → SELL | 仅日线信号: SELL (无小时线数据)
2026-07-24 23:42:13 | INFO  | SIGNAL 沪深300ETF | 日SELL 时N/A → SELL | 仅日线信号: SELL (无小时线数据)
2026-07-24 23:42:13 | INFO  | SIGNAL 科创50ETF | 日SELL 时N/A → SELL | 仅日线信号: SELL (无小时线数据)
2026-07-24 23:42:13 | INFO  | SIGNAL 半导体ETF | 日SELL 时N/A → SELL | 仅日线信号: SELL (无小时线数据)
2026-07-24 23:42:13 | INFO  | SIGNAL 芯片ETF | 日SELL 时N/A → SELL | 仅日线信号: SELL (无小时线数据)
2026-07-24 23:42:13 | INFO  | SIGNAL 沪深300ETF | 日SELL 时N/A → SELL | 仅日线信号: SELL (无小时线数据)
2026-07-24 23:42:13 | INFO  | SIGNAL 科创50ETF | 日SELL 时N/A → SELL | 仅日线信号: SELL (无小时线数据)
2026-07-24 23:42:13 | INFO  | SIGNAL 半导体ETF | 日SELL 时N/A → SELL | 仅日线信号: SELL (无小时线数据)
2026-07-24 23:42:13 | INFO  | SIGNAL 芯片ETF | 日SELL 时N/A → SELL | 仅日线信号: SELL (无小时线数据)
2026-07-24 23:42:13 | INFO  | SIGNAL 沪深300ETF | 日SELL 时N/A → SELL | 仅日线信号: SELL (无小时线数据)
2026-07-24 23:42:13 | INFO  | SIGNAL 科创50ETF | 日SELL 时N/A → SELL | 仅日线信号: SELL (无小时线数据)
2026-07-24 23:42:13 | INFO  | SIGNAL 半导体ETF | 日SELL 时N/A → SELL | 仅日线信号: SELL (无小时线数据)
2026-07-24 23:42:13 | INFO  | SIGNAL 芯片ETF | 日SELL 时N/A → SELL | 仅日线信号: SELL (无小时线数据)
2026-07-24 23:42:13 | INFO  | SIGNAL 黄金ETF | 日SELL 时N/A → SELL | 仅日线信号: SELL (无小时线数据)
2026-07-24 23:42:13 | INFO  | SIGNAL 通信ETF | 日BUY 时N/A → BUY | 仅日线信号: BUY (无小时线数据)
2026-07-24 23:42:13 | INFO  | 515880 | BUY | 12600股 @0.542 | 成交额0 | 费0.00 | 净0 | 策略信号
2026-07-24 23:42:13 | INFO  | SIGNAL 沪深300ETF | 日SELL 时N/A → SELL | 仅日线信号: SELL (无小时线数据)
2026-07-24 23:42:13 | INFO  | SIGNAL 创业板ETF | 日SELL 时N/A → SELL | 仅日线信号: SELL (无小时线数据)
2026-07-24 23:42:13 | INFO  | SIGNAL 科创50ETF | 日SELL 时N/A → SELL | 仅日线信号: SELL (无小时线数据)
2026-07-24 23:42:13 | INFO  | SIGNAL 半导体ETF | 日SELL 时N/A → SELL | 仅日线信号: SELL (无小时线数据)
2026-07-24 23:42:13 | INFO  | SIGNAL 芯片ETF | 日SELL 时N/A → SELL | 仅日线信号: SELL (无小时线数据)
2026-07-24 23:42:13 | INFO  | SIGNAL 黄金ETF | 日SELL 时N/A → SELL | 仅日线信号: SELL (无小时线数据)
2026-07-24 23:42:13 | INFO  | SIGNAL 通信ETF | 日BUY 时N/A → BUY | 仅日线信号: BUY (无小时线数据)
2026-07-24 23:42:13 | INFO  | 515880 | BUY | 600股 @0.534 | 成交额0 | 费0.00 | 净0 | 策略信号
2026-07-24 23:42:13 | INFO  | SIGNAL 沪深300ETF | 日SELL 时N/A → SELL | 仅日线信号: SELL (无小时线数据)
2026-07-24 23:42:13 | INFO  | SIGNAL 创业板ETF | 日SELL 时N/A → SELL | 仅日线信号: SELL (无小时线数据)
2026-07-24 23:42:13 | INFO  | SIGNAL 科创50ETF | 日SELL 时N/A → SELL | 仅日线信号: SELL (无小时线数据)
2026-07-24 23:42:13 | INFO  | SIGNAL 半导体ETF | 日SELL 时N/A → SELL | 仅日线信号: SELL (无小时线数据)
2026-07-24 23:42:13 | INFO  | SIGNAL 芯片ETF | 日SELL 时N/A → SELL | 仅日线信号: SELL (无小时线数据)
2026-07-24 23:42:13 | INFO  | SIGNAL 黄金ETF | 日SELL 时N/A → SELL | 仅日线信号: SELL (无小时线数据)
2026-07-24 23:42:13 | INFO  | SIGNAL 通信ETF | 日BUY 时N/A → BUY | 仅日线信号: BUY (无小时线数据)
2026-07-24 23:42:13 | INFO  | SIGNAL 沪深300ETF | 日SELL 时N/A → SELL | 仅日线信号: SELL (无小时线数据)
2026-07-24 23:42:13 | INFO  | SIGNAL 创业板ETF | 日SELL 时N/A → SELL | 仅日线信号: SELL (无小时线数据)
2026-07-24 23:42:13 | INFO  | SIGNAL 科创50ETF | 日SELL 时N/A → SELL | 仅日线信号: SELL (无小时线数据)
2026-07-24 23:42:13 | INFO  | SIGNAL 半导体ETF | 日SELL 时N/A → SELL | 仅日线信号: SELL (无小时线数据)
2026-07-24 23:42:13 | INFO  | SIGNAL 芯片ETF | 日SELL 时N/A → SELL | 仅日线信号: SELL (无小时线数据)
2026-07-24 23:42:13 | INFO  | SIGNAL 黄金ETF | 日SELL 时N/A → SELL | 仅日线信号: SELL (无小时线数据)
2026-07-24 23:42:13 | INFO  | SIGNAL 通信ETF | 日BUY 时N/A → BUY | 仅日线信号: BUY (无小时线数据)
2026-07-24 23:42:13 | INFO  | SIGNAL 沪深300ETF | 日SELL 时N/A → SELL | 仅日线信号: SELL (无小时线数据)
2026-07-24 23:42:13 | INFO  | SIGNAL 创业板ETF | 日SELL 时N/A → SELL | 仅日线信号: SELL (无小时线数据)
2026-07-24 23:42:13 | INFO  | SIGNAL 科创50ETF | 日SELL 时N/A → SELL | 仅日线信号: SELL (无小时线数据)
2026-07-24 23:42:13 | INFO  | SIGNAL 半导体ETF | 日SELL 时N/A → SELL | 仅日线信号: SELL (无小时线数据)
2026-07-24 23:42:13 | INFO  | SIGNAL 芯片ETF | 日SELL 时N/A → SELL | 仅日线信号: SELL (无小时线数据)
2026-07-24 23:42:13 | INFO  | SIGNAL 黄金ETF | 日SELL 时N/A → SELL | 仅日线信号: SELL (无小时线数据)
2026-07-24 23:42:13 | INFO  | SIGNAL 通信ETF | 日BUY 时N/A → BUY | 仅日线信号: BUY (无小时线数据)
2026-07-24 23:42:13 | INFO  | SIGNAL 沪深300ETF | 日SELL 时N/A → SELL | 仅日线信号: SELL (无小时线数据)
2026-07-24 23:42:13 | INFO  | SIGNAL 创业板ETF | 日SELL 时N/A → SELL | 仅日线信号: SELL (无小时线数据)
2026-07-24 23:42:13 | INFO  | SIGNAL 科创50ETF | 日SELL 时N/A → SELL | 仅日线信号: SELL (无小时线数据)
2026-07-24 23:42:13 | INFO  | SIGNAL 半导体ETF | 日SELL 时N/A → SELL | 仅日线信号: SELL (无小时线数据)
2026-07-24 23:42:13 | INFO  | SIGNAL 芯片ETF | 日SELL 时N/A → SELL | 仅日线信号: SELL (无小时线数据)
2026-07-24 23:42:13 | INFO  | SIGNAL 黄金ETF | 日SELL 时N/A → SELL | 仅日线信号: SELL (无小时线数据)
2026-07-24 23:42:13 | INFO  | SIGNAL 通信ETF | 日BUY 时N/A → BUY | 仅日线信号: BUY (无小时线数据)
2026-07-24 23:42:13 | INFO  | SIGNAL 沪深300ETF | 日SELL 时N/A → SELL | 仅日线信号: SELL (无小时线数据)
2026-07-24 23:42:13 | INFO  | SIGNAL 创业板ETF | 日SELL 时N/A → SELL | 仅日线信号: SELL (无小时线数据)
2026-07-24 23:42:13 | INFO  | SIGNAL 科创50ETF | 日SELL 时N/A → SELL | 仅日线信号: SELL (无小时线数据)
2026-07-24 23:42:13 | INFO  | SIGNAL 半导体ETF | 日SELL 时N/A → SELL | 仅日线信号: SELL (无小时线数据)
2026-07-24 23:42:13 | INFO  | SIGNAL 芯片ETF | 日SELL 时N/A → SELL | 仅日线信号: SELL (无小时线数据)
2026-07-24 23:42:13 | INFO  | SIGNAL 黄金ETF | 日SELL 时N/A → SELL | 仅日线信号: SELL (无小时线数据)
2026-07-24 23:42:13 | INFO  | SIGNAL 通信ETF | 日BUY 时N/A → BUY | 仅日线信号: BUY (无小时线数据)
2026-07-24 23:42:13 | INFO  | SIGNAL 沪深300ETF | 日SELL 时N/A → SELL | 仅日线信号: SELL (无小时线数据)
2026-07-24 23:42:13 | INFO  | SIGNAL 创业板ETF | 日SELL 时N/A → SELL | 仅日线信号: SELL (无小时线数据)
2026-07-24 23:42:13 | INFO  | SIGNAL 科创50ETF | 日SELL 时N/A → SELL | 仅日线信号: SELL (无小时线数据)
2026-07-24 23:42:13 | INFO  | SIGNAL 半导体ETF | 日SELL 时N/A → SELL | 仅日线信号: SELL (无小时线数据)
2026-07-24 23:42:13 | INFO  | SIGNAL 芯片ETF | 日SELL 时N/A → SELL | 仅日线信号: SELL (无小时线数据)
2026-07-24 23:42:13 | INFO  | SIGNAL 黄金ETF | 日SELL 时N/A → SELL | 仅日线信号: SELL (无小时线数据)
2026-07-24 23:42:13 | INFO  | SIGNAL 通信ETF | 日BUY 时N/A → BUY | 仅日线信号: BUY (无小时线数据)
2026-07-24 23:42:13 | INFO  | SIGNAL 沪深300ETF | 日SELL 时N/A → SELL | 仅日线信号: SELL (无小时线数据)
2026-07-24 23:42:13 | INFO  | SIGNAL 创业板ETF | 日BUY 时N/A → BUY | 仅日线信号: BUY (无小时线数据)
2026-07-24 23:42:13 | INFO  | SIGNAL 芯片ETF | 日SELL 时N/A → SELL | 仅日线信号: SELL (无小时线数据)
2026-07-24 23:42:13 | INFO  | SIGNAL 通信ETF | 日BUY 时N/A → BUY | 仅日线信号: BUY (无小时线数据)
2026-07-24 23:42:14 | INFO  | SIGNAL 创业板ETF | 日BUY 时N/A → BUY | 仅日线信号: BUY (无小时线数据)
2026-07-24 23:42:14 | INFO  | SIGNAL 通信ETF | 日BUY 时N/A → BUY | 仅日线信号: BUY (无小时线数据)
2026-07-24 23:42:14 | INFO  | SIGNAL 创业板ETF | 日BUY 时N/A → BUY | 仅日线信号: BUY (无小时线数据)
2026-07-24 23:42:14 | INFO  | SIGNAL 通信ETF | 日BUY 时N/A → BUY | 仅日线信号: BUY (无小时线数据)
2026-07-24 23:42:14 | INFO  | SIGNAL 沪深300ETF | 日BUY 时N/A → BUY | 仅日线信号: BUY (无小时线数据)
2026-07-24 23:42:14 | INFO  | SIGNAL 创业板ETF | 日BUY 时N/A → BUY | 仅日线信号: BUY (无小时线数据)
2026-07-24 23:42:14 | INFO  | SIGNAL 半导体ETF | 日BUY 时N/A → BUY | 仅日线信号: BUY (无小时线数据)
2026-07-24 23:42:14 | INFO  | SIGNAL 通信ETF | 日BUY 时N/A → BUY | 仅日线信号: BUY (无小时线数据)
2026-07-24 23:42:14 | INFO  | SIGNAL 沪深300ETF | 日BUY 时N/A → BUY | 仅日线信号: BUY (无小时线数据)
2026-07-24 23:42:14 | INFO  | SIGNAL 创业板ETF | 日BUY 时N/A → BUY | 仅日线信号: BUY (无小时线数据)
2026-07-24 23:42:14 | INFO  | SIGNAL 科创50ETF | 日BUY 时N/A → BUY | 仅日线信号: BUY (无小时线数据)
2026-07-24 23:42:14 | INFO  | SIGNAL 半导体ETF | 日BUY 时N/A → BUY | 仅日线信号: BUY (无小时线数据)
2026-07-24 23:42:14 | INFO  | SIGNAL 通信ETF | 日BUY 时N/A → BUY | 仅日线信号: BUY (无小时线数据)
2026-07-24 23:42:14 | INFO  | SIGNAL 沪深300ETF | 日BUY 时N/A → BUY | 仅日线信号: BUY (无小时线数据)
2026-07-24 23:42:14 | INFO  | SIGNAL 创业板ETF | 日BUY 时N/A → BUY | 仅日线信号: BUY (无小时线数据)
2026-07-24 23:42:14 | INFO  | SIGNAL 科创50ETF | 日BUY 时N/A → BUY | 仅日线信号: BUY (无小时线数据)
2026-07-24 23:42:14 | INFO  | SIGNAL 半导体ETF | 日BUY 时N/A → BUY | 仅日线信号: BUY (无小时线数据)
2026-07-24 23:42:14 | INFO  | SIGNAL 芯片ETF | 日BUY 时N/A → BUY | 仅日线信号: BUY (无小时线数据)
2026-07-24 23:42:14 | INFO  | SIGNAL 通信ETF | 日BUY 时N/A → BUY | 仅日线信号: BUY (无小时线数据)
2026-07-24 23:42:14 | INFO  | SIGNAL 沪深300ETF | 日BUY 时N/A → BUY | 仅日线信号: BUY (无小时线数据)
2026-07-24 23:42:14 | INFO  | SIGNAL 创业板ETF | 日BUY 时N/A → BUY | 仅日线信号: BUY (无小时线数据)
2026-07-24 23:42:14 | INFO  | SIGNAL 科创50ETF | 日BUY 时N/A → BUY | 仅日线信号: BUY (无小时线数据)
2026-07-24 23:42:14 | INFO  | SIGNAL 半导体ETF | 日BUY 时N/A → BUY | 仅日线信号: BUY (无小时线数据)
2026-07-24 23:42:14 | INFO  | SIGNAL 芯片ETF | 日BUY 时N/A → BUY | 仅日线信号: BUY (无小时线数据)
2026-07-24 23:42:14 | INFO  | SIGNAL 通信ETF | 日BUY 时N/A → BUY | 仅日线信号: BUY (无小时线数据)
2026-07-24 23:42:14 | INFO  | SIGNAL 沪深300ETF | 日BUY 时N/A → BUY | 仅日线信号: BUY (无小时线数据)
2026-07-24 23:42:14 | INFO  | SIGNAL 创业板ETF | 日BUY 时N/A → BUY | 仅日线信号: BUY (无小时线数据)
2026-07-24 23:42:14 | INFO  | SIGNAL 科创50ETF | 日BUY 时N/A → BUY | 仅日线信号: BUY (无小时线数据)
2026-07-24 23:42:14 | INFO  | SIGNAL 半导体ETF | 日BUY 时N/A → BUY | 仅日线信号: BUY (无小时线数据)
2026-07-24 23:42:14 | INFO  | SIGNAL 芯片ETF | 日BUY 时N/A → BUY | 仅日线信号: BUY (无小时线数据)
2026-07-24 23:42:14 | INFO  | SIGNAL 通信ETF | 日BUY 时N/A → BUY | 仅日线信号: BUY (无小时线数据)
2026-07-24 23:42:14 | INFO  | SIGNAL 沪深300ETF | 日BUY 时N/A → BUY | 仅日线信号: BUY (无小时线数据)
2026-07-24 23:42:14 | INFO  | SIGNAL 创业板ETF | 日BUY 时N/A → BUY | 仅日线信号: BUY (无小时线数据)
2026-07-24 23:42:14 | INFO  | SIGNAL 科创50ETF | 日BUY 时N/A → BUY | 仅日线信号: BUY (无小时线数据)
2026-07-24 23:42:14 | INFO  | SIGNAL 半导体ETF | 日BUY 时N/A → BUY | 仅日线信号: BUY (无小时线数据)
2026-07-24 23:42:14 | INFO  | SIGNAL 芯片ETF | 日BUY 时N/A → BUY | 仅日线信号: BUY (无小时线数据)
2026-07-24 23:42:14 | INFO  | SIGNAL 通信ETF | 日BUY 时N/A → BUY | 仅日线信号: BUY (无小时线数据)
2026-07-24 23:42:14 | INFO  | SIGNAL 沪深300ETF | 日BUY 时N/A → BUY | 仅日线信号: BUY (无小时线数据)
2026-07-24 23:42:14 | INFO  | SIGNAL 创业板ETF | 日BUY 时N/A → BUY | 仅日线信号: BUY (无小时线数据)
2026-07-24 23:42:14 | INFO  | SIGNAL 科创50ETF | 日BUY 时N/A → BUY | 仅日线信号: BUY (无小时线数据)
2026-07-24 23:42:14 | INFO  | SIGNAL 半导体ETF | 日BUY 时N/A → BUY | 仅日线信号: BUY (无小时线数据)
2026-07-24 23:42:14 | INFO  | SIGNAL 芯片ETF | 日BUY 时N/A → BUY | 仅日线信号: BUY (无小时线数据)
2026-07-24 23:42:14 | INFO  | SIGNAL 通信ETF | 日BUY 时N/A → BUY | 仅日线信号: BUY (无小时线数据)
2026-07-24 23:42:14 | INFO  | SIGNAL 沪深300ETF | 日BUY 时N/A → BUY | 仅日线信号: BUY (无小时线数据)
2026-07-24 23:42:14 | INFO  | SIGNAL 创业板ETF | 日BUY 时N/A → BUY | 仅日线信号: BUY (无小时线数据)
2026-07-24 23:42:14 | INFO  | SIGNAL 科创50ETF | 日BUY 时N/A → BUY | 仅日线信号: BUY (无小时线数据)
2026-07-24 23:42:14 | INFO  | SIGNAL 半导体ETF | 日BUY 时N/A → BUY | 仅日线信号: BUY (无小时线数据)
2026-07-24 23:42:14 | INFO  | SIGNAL 芯片ETF | 日BUY 时N/A → BUY | 仅日线信号: BUY (无小时线数据)
2026-07-24 23:42:14 | INFO  | SIGNAL 通信ETF | 日BUY 时N/A → BUY | 仅日线信号: BUY (无小时线数据)
2026-07-24 23:42:14 | INFO  | SIGNAL 沪深300ETF | 日BUY 时N/A → BUY | 仅日线信号: BUY (无小时线数据)
2026-07-24 23:42:14 | INFO  | SIGNAL 创业板ETF | 日BUY 时N/A → BUY | 仅日线信号: BUY (无小时线数据)
2026-07-24 23:42:14 | INFO  | SIGNAL 科创50ETF | 日BUY 时N/A → BUY | 仅日线信号: BUY (无小时线数据)
2026-07-24 23:42:14 | INFO  | SIGNAL 半导体ETF | 日BUY 时N/A → BUY | 仅日线信号: BUY (无小时线数据)
2026-07-24 23:42:14 | INFO  | SIGNAL 芯片ETF | 日BUY 时N/A → BUY | 仅日线信号: BUY (无小时线数据)
2026-07-24 23:42:14 | INFO  | SIGNAL 通信ETF | 日BUY 时N/A → BUY | 仅日线信号: BUY (无小时线数据)
2026-07-24 23:42:14 | INFO  | SIGNAL 沪深300ETF | 日BUY 时N/A → BUY | 仅日线信号: BUY (无小时线数据)
2026-07-24 23:42:14 | INFO  | SIGNAL 创业板ETF | 日BUY 时N/A → BUY | 仅日线信号: BUY (无小时线数据)
2026-07-24 23:42:14 | INFO  | SIGNAL 科创50ETF | 日BUY 时N/A → BUY | 仅日线信号: BUY (无小时线数据)
2026-07-24 23:42:14 | INFO  | SIGNAL 半导体ETF | 日BUY 时N/A → BUY | 仅日线信号: BUY (无小时线数据)
2026-07-24 23:42:14 | INFO  | SIGNAL 芯片ETF | 日BUY 时N/A → BUY | 仅日线信号: BUY (无小时线数据)
2026-07-24 23:42:14 | INFO  | SIGNAL 通信ETF | 日BUY 时N/A → BUY | 仅日线信号: BUY (无小时线数据)
2026-07-24 23:42:14 | INFO  | SIGNAL 沪深300ETF | 日BUY 时N/A → BUY | 仅日线信号: BUY (无小时线数据)
2026-07-24 23:42:14 | INFO  | SIGNAL 创业板ETF | 日BUY 时N/A → BUY | 仅日线信号: BUY (无小时线数据)
2026-07-24 23:42:14 | INFO  | SIGNAL 科创50ETF | 日BUY 时N/A → BUY | 仅日线信号: BUY (无小时线数据)
2026-07-24 23:42:14 | INFO  | SIGNAL 半导体ETF | 日BUY 时N/A → BUY | 仅日线信号: BUY (无小时线数据)
2026-07-24 23:42:14 | INFO  | SIGNAL 芯片ETF | 日BUY 时N/A → BUY | 仅日线信号: BUY (无小时线数据)
2026-07-24 23:42:14 | INFO  | SIGNAL 黄金ETF | 日SELL 时N/A → SELL | 仅日线信号: SELL (无小时线数据)
2026-07-24 23:42:14 | INFO  | SIGNAL 通信ETF | 日BUY 时N/A → BUY | 仅日线信号: BUY (无小时线数据)
2026-07-24 23:42:15 | INFO  | SIGNAL 沪深300ETF | 日BUY 时N/A → BUY | 仅日线信号: BUY (无小时线数据)
2026-07-24 23:42:15 | INFO  | SIGNAL 创业板ETF | 日BUY 时N/A → BUY | 仅日线信号: BUY (无小时线数据)
2026-07-24 23:42:15 | INFO  | SIGNAL 科创50ETF | 日BUY 时N/A → BUY | 仅日线信号: BUY (无小时线数据)
2026-07-24 23:42:15 | INFO  | SIGNAL 半导体ETF | 日BUY 时N/A → BUY | 仅日线信号: BUY (无小时线数据)
2026-07-24 23:42:15 | INFO  | SIGNAL 芯片ETF | 日BUY 时N/A → BUY | 仅日线信号: BUY (无小时线数据)
2026-07-24 23:42:15 | INFO  | SIGNAL 黄金ETF | 日SELL 时N/A → SELL | 仅日线信号: SELL (无小时线数据)
2026-07-24 23:42:15 | INFO  | SIGNAL 通信ETF | 日BUY 时N/A → BUY | 仅日线信号: BUY (无小时线数据)
2026-07-24 23:42:15 | INFO  | SIGNAL 沪深300ETF | 日BUY 时N/A → BUY | 仅日线信号: BUY (无小时线数据)
2026-07-24 23:42:15 | INFO  | SIGNAL 创业板ETF | 日BUY 时N/A → BUY | 仅日线信号: BUY (无小时线数据)
2026-07-24 23:42:15 | INFO  | SIGNAL 科创50ETF | 日BUY 时N/A → BUY | 仅日线信号: BUY (无小时线数据)
2026-07-24 23:42:15 | INFO  | SIGNAL 半导体ETF | 日BUY 时N/A → BUY | 仅日线信号: BUY (无小时线数据)
2026-07-24 23:42:15 | INFO  | SIGNAL 芯片ETF | 日BUY 时N/A → BUY | 仅日线信号: BUY (无小时线数据)
2026-07-24 23:42:15 | INFO  | SIGNAL 黄金ETF | 日SELL 时N/A → SELL | 仅日线信号: SELL (无小时线数据)
2026-07-24 23:42:15 | INFO  | SIGNAL 通信ETF | 日BUY 时N/A → BUY | 仅日线信号: BUY (无小时线数据)
2026-07-24 23:42:15 | INFO  | SIGNAL 沪深300ETF | 日BUY 时N/A → BUY | 仅日线信号: BUY (无小时线数据)
2026-07-24 23:42:15 | INFO  | SIGNAL 创业板ETF | 日BUY 时N/A → BUY | 仅日线信号: BUY (无小时线数据)
2026-07-24 23:42:15 | INFO  | SIGNAL 科创50ETF | 日BUY 时N/A → BUY | 仅日线信号: BUY (无小时线数据)
2026-07-24 23:42:15 | INFO  | SIGNAL 半导体ETF | 日BUY 时N/A → BUY | 仅日线信号: BUY (无小时线数据)
2026-07-24 23:42:15 | INFO  | SIGNAL 芯片ETF | 日BUY 时N/A → BUY | 仅日线信号: BUY (无小时线数据)
2026-07-24 23:42:15 | INFO  | SIGNAL 通信ETF | 日BUY 时N/A → BUY | 仅日线信号: BUY (无小时线数据)
2026-07-24 23:42:15 | INFO  | SIGNAL 沪深300ETF | 日BUY 时N/A → BUY | 仅日线信号: BUY (无小时线数据)
2026-07-24 23:42:15 | INFO  | SIGNAL 创业板ETF | 日BUY 时N/A → BUY | 仅日线信号: BUY (无小时线数据)
2026-07-24 23:42:15 | INFO  | SIGNAL 科创50ETF | 日BUY 时N/A → BUY | 仅日线信号: BUY (无小时线数据)
2026-07-24 23:42:15 | INFO  | SIGNAL 半导体ETF | 日BUY 时N/A → BUY | 仅日线信号: BUY (无小时线数据)
2026-07-24 23:42:15 | INFO  | SIGNAL 芯片ETF | 日BUY 时N/A → BUY | 仅日线信号: BUY (无小时线数据)
2026-07-24 23:42:15 | INFO  | SIGNAL 通信ETF | 日BUY 时N/A → BUY | 仅日线信号: BUY (无小时线数据)
2026-07-24 23:42:15 | INFO  | SIGNAL 沪深300ETF | 日BUY 时N/A → BUY | 仅日线信号: BUY (无小时线数据)
2026-07-24 23:42:15 | INFO  | SIGNAL 创业板ETF | 日BUY 时N/A → BUY | 仅日线信号: BUY (无小时线数据)
2026-07-24 23:42:15 | INFO  | SIGNAL 科创50ETF | 日BUY 时N/A → BUY | 仅日线信号: BUY (无小时线数据)
2026-07-24 23:42:15 | INFO  | SIGNAL 半导体ETF | 日BUY 时N/A → BUY | 仅日线信号: BUY (无小时线数据)
2026-07-24 23:42:15 | INFO  | SIGNAL 芯片ETF | 日BUY 时N/A → BUY | 仅日线信号: BUY (无小时线数据)
2026-07-24 23:42:15 | INFO  | SIGNAL 黄金ETF | 日SELL 时N/A → SELL | 仅日线信号: SELL (无小时线数据)
2026-07-24 23:42:15 | INFO  | SIGNAL 通信ETF | 日BUY 时N/A → BUY | 仅日线信号: BUY (无小时线数据)
2026-07-24 23:42:15 | INFO  | SIGNAL 沪深300ETF | 日BUY 时N/A → BUY | 仅日线信号: BUY (无小时线数据)
2026-07-24 23:42:15 | INFO  | SIGNAL 创业板ETF | 日BUY 时N/A → BUY | 仅日线信号: BUY (无小时线数据)
2026-07-24 23:42:15 | INFO  | SIGNAL 科创50ETF | 日BUY 时N/A → BUY | 仅日线信号: BUY (无小时线数据)
2026-07-24 23:42:15 | INFO  | SIGNAL 半导体ETF | 日BUY 时N/A → BUY | 仅日线信号: BUY (无小时线数据)
2026-07-24 23:42:15 | INFO  | SIGNAL 芯片ETF | 日BUY 时N/A → BUY | 仅日线信号: BUY (无小时线数据)
2026-07-24 23:42:15 | INFO  | SIGNAL 黄金ETF | 日SELL 时N/A → SELL | 仅日线信号: SELL (无小时线数据)
2026-07-24 23:42:15 | INFO  | SIGNAL 通信ETF | 日BUY 时N/A → BUY | 仅日线信号: BUY (无小时线数据)
2026-07-24 23:42:15 | INFO  | SIGNAL 沪深300ETF | 日BUY 时N/A → BUY | 仅日线信号: BUY (无小时线数据)
2026-07-24 23:42:15 | INFO  | SIGNAL 创业板ETF | 日BUY 时N/A → BUY | 仅日线信号: BUY (无小时线数据)
2026-07-24 23:42:15 | INFO  | SIGNAL 科创50ETF | 日BUY 时N/A → BUY | 仅日线信号: BUY (无小时线数据)
2026-07-24 23:42:15 | INFO  | SIGNAL 半导体ETF | 日BUY 时N/A → BUY | 仅日线信号: BUY (无小时线数据)
2026-07-24 23:42:15 | INFO  | SIGNAL 芯片ETF | 日BUY 时N/A → BUY | 仅日线信号: BUY (无小时线数据)
2026-07-24 23:42:15 | INFO  | SIGNAL 黄金ETF | 日SELL 时N/A → SELL | 仅日线信号: SELL (无小时线数据)
2026-07-24 23:42:15 | INFO  | SIGNAL 通信ETF | 日BUY 时N/A → BUY | 仅日线信号: BUY (无小时线数据)
2026-07-24 23:42:15 | INFO  | SIGNAL 沪深300ETF | 日BUY 时N/A → BUY | 仅日线信号: BUY (无小时线数据)
2026-07-24 23:42:15 | INFO  | SIGNAL 创业板ETF | 日BUY 时N/A → BUY | 仅日线信号: BUY (无小时线数据)
2026-07-24 23:42:15 | INFO  | SIGNAL 科创50ETF | 日BUY 时N/A → BUY | 仅日线信号: BUY (无小时线数据)
2026-07-24 23:42:15 | INFO  | SIGNAL 半导体ETF | 日BUY 时N/A → BUY | 仅日线信号: BUY (无小时线数据)
2026-07-24 23:42:15 | INFO  | SIGNAL 芯片ETF | 日BUY 时N/A → BUY | 仅日线信号: BUY (无小时线数据)
2026-07-24 23:42:15 | INFO  | SIGNAL 黄金ETF | 日SELL 时N/A → SELL | 仅日线信号: SELL (无小时线数据)
2026-07-24 23:42:15 | INFO  | SIGNAL 通信ETF | 日BUY 时N/A → BUY | 仅日线信号: BUY (无小时线数据)
2026-07-24 23:42:15 | INFO  | SIGNAL 沪深300ETF | 日BUY 时N/A → BUY | 仅日线信号: BUY (无小时线数据)
2026-07-24 23:42:15 | INFO  | SIGNAL 创业板ETF | 日BUY 时N/A → BUY | 仅日线信号: BUY (无小时线数据)
2026-07-24 23:42:15 | INFO  | SIGNAL 科创50ETF | 日BUY 时N/A → BUY | 仅日线信号: BUY (无小时线数据)
2026-07-24 23:42:15 | INFO  | SIGNAL 半导体ETF | 日BUY 时N/A → BUY | 仅日线信号: BUY (无小时线数据)
2026-07-24 23:42:15 | INFO  | SIGNAL 芯片ETF | 日BUY 时N/A → BUY | 仅日线信号: BUY (无小时线数据)
2026-07-24 23:42:15 | INFO  | SIGNAL 黄金ETF | 日SELL 时N/A → SELL | 仅日线信号: SELL (无小时线数据)
2026-07-24 23:42:15 | INFO  | SIGNAL 通信ETF | 日BUY 时N/A → BUY | 仅日线信号: BUY (无小时线数据)
2026-07-24 23:42:15 | INFO  | SIGNAL 沪深300ETF | 日BUY 时N/A → BUY | 仅日线信号: BUY (无小时线数据)
2026-07-24 23:42:15 | INFO  | SIGNAL 创业板ETF | 日BUY 时N/A → BUY | 仅日线信号: BUY (无小时线数据)
2026-07-24 23:42:15 | INFO  | SIGNAL 科创50ETF | 日BUY 时N/A → BUY | 仅日线信号: BUY (无小时线数据)
2026-07-24 23:42:15 | INFO  | SIGNAL 半导体ETF | 日BUY 时N/A → BUY | 仅日线信号: BUY (无小时线数据)
2026-07-24 23:42:15 | INFO  | SIGNAL 芯片ETF | 日BUY 时N/A → BUY | 仅日线信号: BUY (无小时线数据)
2026-07-24 23:42:15 | INFO  | SIGNAL 黄金ETF | 日SELL 时N/A → SELL | 仅日线信号: SELL (无小时线数据)
2026-07-24 23:42:15 | INFO  | SIGNAL 通信ETF | 日BUY 时N/A → BUY | 仅日线信号: BUY (无小时线数据)
2026-07-24 23:42:15 | INFO  | SIGNAL 沪深300ETF | 日BUY 时N/A → BUY | 仅日线信号: BUY (无小时线数据)
2026-07-24 23:42:15 | INFO  | SIGNAL 创业板ETF | 日BUY 时N/A → BUY | 仅日线信号: BUY (无小时线数据)
2026-07-24 23:42:15 | INFO  | SIGNAL 科创50ETF | 日BUY 时N/A → BUY | 仅日线信号: BUY (无小时线数据)
2026-07-24 23:42:15 | INFO  | SIGNAL 半导体ETF | 日BUY 时N/A → BUY | 仅日线信号: BUY (无小时线数据)
2026-07-24 23:42:15 | INFO  | SIGNAL 芯片ETF | 日BUY 时N/A → BUY | 仅日线信号: BUY (无小时线数据)
2026-07-24 23:42:15 | INFO  | SIGNAL 黄金ETF | 日SELL 时N/A → SELL | 仅日线信号: SELL (无小时线数据)
2026-07-24 23:42:15 | INFO  | SIGNAL 通信ETF | 日BUY 时N/A → BUY | 仅日线信号: BUY (无小时线数据)
2026-07-24 23:42:15 | INFO  | SIGNAL 沪深300ETF | 日BUY 时N/A → BUY | 仅日线信号: BUY (无小时线数据)
2026-07-24 23:42:15 | INFO  | SIGNAL 创业板ETF | 日BUY 时N/A → BUY | 仅日线信号: BUY (无小时线数据)
2026-07-24 23:42:15 | INFO  | SIGNAL 科创50ETF | 日BUY 时N/A → BUY | 仅日线信号: BUY (无小时线数据)
2026-07-24 23:42:15 | INFO  | SIGNAL 半导体ETF | 日BUY 时N/A → BUY | 仅日线信号: BUY (无小时线数据)
2026-07-24 23:42:15 | INFO  | SIGNAL 芯片ETF | 日BUY 时N/A → BUY | 仅日线信号: BUY (无小时线数据)
2026-07-24 23:42:15 | INFO  | SIGNAL 黄金ETF | 日SELL 时N/A → SELL | 仅日线信号: SELL (无小时线数据)
2026-07-24 23:42:15 | INFO  | SIGNAL 通信ETF | 日BUY 时N/A → BUY | 仅日线信号: BUY (无小时线数据)
2026-07-24 23:42:15 | INFO  | SIGNAL 创业板ETF | 日BUY 时N/A → BUY | 仅日线信号: BUY (无小时线数据)
2026-07-24 23:42:15 | INFO  | SIGNAL 科创50ETF | 日BUY 时N/A → BUY | 仅日线信号: BUY (无小时线数据)
2026-07-24 23:42:15 | INFO  | SIGNAL 半导体ETF | 日BUY 时N/A → BUY | 仅日线信号: BUY (无小时线数据)
2026-07-24 23:42:15 | INFO  | SIGNAL 芯片ETF | 日BUY 时N/A → BUY | 仅日线信号: BUY (无小时线数据)
2026-07-24 23:42:16 | INFO  | SIGNAL 黄金ETF | 日SELL 时N/A → SELL | 仅日线信号: SELL (无小时线数据)
2026-07-24 23:42:16 | INFO  | SIGNAL 通信ETF | 日BUY 时N/A → BUY | 仅日线信号: BUY (无小时线数据)
2026-07-24 23:42:16 | INFO  | SIGNAL 创业板ETF | 日BUY 时N/A → BUY | 仅日线信号: BUY (无小时线数据)
2026-07-24 23:42:16 | INFO  | SIGNAL 科创50ETF | 日BUY 时N/A → BUY | 仅日线信号: BUY (无小时线数据)
2026-07-24 23:42:16 | INFO  | SIGNAL 半导体ETF | 日BUY 时N/A → BUY | 仅日线信号: BUY (无小时线数据)
2026-07-24 23:42:16 | INFO  | SIGNAL 芯片ETF | 日BUY 时N/A → BUY | 仅日线信号: BUY (无小时线数据)
2026-07-24 23:42:16 | INFO  | SIGNAL 黄金ETF | 日SELL 时N/A → SELL | 仅日线信号: SELL (无小时线数据)
2026-07-24 23:42:16 | INFO  | SIGNAL 通信ETF | 日BUY 时N/A → BUY | 仅日线信号: BUY (无小时线数据)
2026-07-24 23:42:16 | INFO  | SIGNAL 创业板ETF | 日BUY 时N/A → BUY | 仅日线信号: BUY (无小时线数据)
2026-07-24 23:42:16 | INFO  | SIGNAL 科创50ETF | 日BUY 时N/A → BUY | 仅日线信号: BUY (无小时线数据)
2026-07-24 23:42:16 | INFO  | SIGNAL 半导体ETF | 日BUY 时N/A → BUY | 仅日线信号: BUY (无小时线数据)
2026-07-24 23:42:16 | INFO  | SIGNAL 芯片ETF | 日BUY 时N/A → BUY | 仅日线信号: BUY (无小时线数据)
2026-07-24 23:42:16 | INFO  | SIGNAL 黄金ETF | 日SELL 时N/A → SELL | 仅日线信号: SELL (无小时线数据)
2026-07-24 23:42:16 | INFO  | SIGNAL 通信ETF | 日BUY 时N/A → BUY | 仅日线信号: BUY (无小时线数据)
2026-07-24 23:42:16 | INFO  | SIGNAL 沪深300ETF | 日BUY 时N/A → BUY | 仅日线信号: BUY (无小时线数据)
2026-07-24 23:42:16 | INFO  | SIGNAL 创业板ETF | 日BUY 时N/A → BUY | 仅日线信号: BUY (无小时线数据)
2026-07-24 23:42:16 | INFO  | SIGNAL 科创50ETF | 日BUY 时N/A → BUY | 仅日线信号: BUY (无小时线数据)
2026-07-24 23:42:16 | INFO  | SIGNAL 半导体ETF | 日BUY 时N/A → BUY | 仅日线信号: BUY (无小时线数据)
2026-07-24 23:42:16 | INFO  | SIGNAL 芯片ETF | 日BUY 时N/A → BUY | 仅日线信号: BUY (无小时线数据)
2026-07-24 23:42:16 | INFO  | SIGNAL 黄金ETF | 日SELL 时N/A → SELL | 仅日线信号: SELL (无小时线数据)
2026-07-24 23:42:16 | INFO  | SIGNAL 通信ETF | 日BUY 时N/A → BUY | 仅日线信号: BUY (无小时线数据)
2026-07-24 23:42:16 | INFO  | SIGNAL 沪深300ETF | 日BUY 时N/A → BUY | 仅日线信号: BUY (无小时线数据)
2026-07-24 23:42:16 | INFO  | SIGNAL 创业板ETF | 日BUY 时N/A → BUY | 仅日线信号: BUY (无小时线数据)
2026-07-24 23:42:16 | INFO  | SIGNAL 科创50ETF | 日BUY 时N/A → BUY | 仅日线信号: BUY (无小时线数据)
2026-07-24 23:42:16 | INFO  | SIGNAL 半导体ETF | 日BUY 时N/A → BUY | 仅日线信号: BUY (无小时线数据)
2026-07-24 23:42:16 | INFO  | SIGNAL 芯片ETF | 日BUY 时N/A → BUY | 仅日线信号: BUY (无小时线数据)
2026-07-24 23:42:16 | INFO  | SIGNAL 黄金ETF | 日SELL 时N/A → SELL | 仅日线信号: SELL (无小时线数据)
2026-07-24 23:42:16 | INFO  | SIGNAL 通信ETF | 日BUY 时N/A → BUY | 仅日线信号: BUY (无小时线数据)
2026-07-24 23:42:16 | INFO  | SIGNAL 沪深300ETF | 日BUY 时N/A → BUY | 仅日线信号: BUY (无小时线数据)
2026-07-24 23:42:16 | INFO  | SIGNAL 创业板ETF | 日BUY 时N/A → BUY | 仅日线信号: BUY (无小时线数据)
2026-07-24 23:42:16 | INFO  | SIGNAL 科创50ETF | 日BUY 时N/A → BUY | 仅日线信号: BUY (无小时线数据)
2026-07-24 23:42:16 | INFO  | SIGNAL 半导体ETF | 日BUY 时N/A → BUY | 仅日线信号: BUY (无小时线数据)
2026-07-24 23:42:16 | INFO  | SIGNAL 芯片ETF | 日BUY 时N/A → BUY | 仅日线信号: BUY (无小时线数据)
2026-07-24 23:42:16 | INFO  | SIGNAL 黄金ETF | 日SELL 时N/A → SELL | 仅日线信号: SELL (无小时线数据)
2026-07-24 23:42:16 | INFO  | SIGNAL 通信ETF | 日BUY 时N/A → BUY | 仅日线信号: BUY (无小时线数据)
2026-07-24 23:42:16 | INFO  | SIGNAL 沪深300ETF | 日BUY 时N/A → BUY | 仅日线信号: BUY (无小时线数据)
2026-07-24 23:42:16 | INFO  | SIGNAL 创业板ETF | 日BUY 时N/A → BUY | 仅日线信号: BUY (无小时线数据)
2026-07-24 23:42:16 | INFO  | SIGNAL 科创50ETF | 日BUY 时N/A → BUY | 仅日线信号: BUY (无小时线数据)
2026-07-24 23:42:16 | INFO  | SIGNAL 半导体ETF | 日BUY 时N/A → BUY | 仅日线信号: BUY (无小时线数据)
2026-07-24 23:42:16 | INFO  | SIGNAL 芯片ETF | 日BUY 时N/A → BUY | 仅日线信号: BUY (无小时线数据)
2026-07-24 23:42:16 | INFO  | SIGNAL 黄金ETF | 日SELL 时N/A → SELL | 仅日线信号: SELL (无小时线数据)
2026-07-24 23:42:16 | INFO  | SIGNAL 通信ETF | 日BUY 时N/A → BUY | 仅日线信号: BUY (无小时线数据)
2026-07-24 23:42:16 | INFO  | SIGNAL 沪深300ETF | 日BUY 时N/A → BUY | 仅日线信号: BUY (无小时线数据)
2026-07-24 23:42:16 | INFO  | SIGNAL 创业板ETF | 日BUY 时N/A → BUY | 仅日线信号: BUY (无小时线数据)
2026-07-24 23:42:16 | INFO  | SIGNAL 科创50ETF | 日BUY 时N/A → BUY | 仅日线信号: BUY (无小时线数据)
2026-07-24 23:42:16 | INFO  | SIGNAL 半导体ETF | 日BUY 时N/A → BUY | 仅日线信号: BUY (无小时线数据)
2026-07-24 23:42:16 | INFO  | SIGNAL 芯片ETF | 日BUY 时N/A → BUY | 仅日线信号: BUY (无小时线数据)
2026-07-24 23:42:16 | INFO  | SIGNAL 黄金ETF | 日SELL 时N/A → SELL | 仅日线信号: SELL (无小时线数据)
2026-07-24 23:42:16 | INFO  | SIGNAL 通信ETF | 日BUY 时N/A → BUY | 仅日线信号: BUY (无小时线数据)
2026-07-24 23:42:16 | INFO  | SIGNAL 沪深300ETF | 日BUY 时N/A → BUY | 仅日线信号: BUY (无小时线数据)
2026-07-24 23:42:16 | INFO  | SIGNAL 创业板ETF | 日BUY 时N/A → BUY | 仅日线信号: BUY (无小时线数据)
2026-07-24 23:42:16 | INFO  | SIGNAL 科创50ETF | 日BUY 时N/A → BUY | 仅日线信号: BUY (无小时线数据)
2026-07-24 23:42:16 | INFO  | SIGNAL 半导体ETF | 日BUY 时N/A → BUY | 仅日线信号: BUY (无小时线数据)
2026-07-24 23:42:16 | INFO  | SIGNAL 芯片ETF | 日BUY 时N/A → BUY | 仅日线信号: BUY (无小时线数据)
2026-07-24 23:42:16 | INFO  | SIGNAL 黄金ETF | 日SELL 时N/A → SELL | 仅日线信号: SELL (无小时线数据)
2026-07-24 23:42:16 | INFO  | SIGNAL 通信ETF | 日BUY 时N/A → BUY | 仅日线信号: BUY (无小时线数据)
2026-07-24 23:42:16 | INFO  | SIGNAL 沪深300ETF | 日BUY 时N/A → BUY | 仅日线信号: BUY (无小时线数据)
2026-07-24 23:42:16 | INFO  | SIGNAL 创业板ETF | 日BUY 时N/A → BUY | 仅日线信号: BUY (无小时线数据)
2026-07-24 23:42:16 | INFO  | SIGNAL 半导体ETF | 日BUY 时N/A → BUY | 仅日线信号: BUY (无小时线数据)
2026-07-24 23:42:16 | INFO  | SIGNAL 芯片ETF | 日BUY 时N/A → BUY | 仅日线信号: BUY (无小时线数据)
2026-07-24 23:42:16 | INFO  | SIGNAL 黄金ETF | 日SELL 时N/A → SELL | 仅日线信号: SELL (无小时线数据)
2026-07-24 23:42:16 | INFO  | SIGNAL 通信ETF | 日BUY 时N/A → BUY | 仅日线信号: BUY (无小时线数据)
2026-07-24 23:42:16 | INFO  | SIGNAL 沪深300ETF | 日BUY 时N/A → BUY | 仅日线信号: BUY (无小时线数据)
2026-07-24 23:42:16 | INFO  | SIGNAL 创业板ETF | 日BUY 时N/A → BUY | 仅日线信号: BUY (无小时线数据)
2026-07-24 23:42:16 | INFO  | SIGNAL 黄金ETF | 日SELL 时N/A → SELL | 仅日线信号: SELL (无小时线数据)
2026-07-24 23:42:16 | INFO  | SIGNAL 通信ETF | 日BUY 时N/A → BUY | 仅日线信号: BUY (无小时线数据)
2026-07-24 23:42:16 | INFO  | SIGNAL 创业板ETF | 日BUY 时N/A → BUY | 仅日线信号: BUY (无小时线数据)
2026-07-24 23:42:16 | INFO  | SIGNAL 黄金ETF | 日SELL 时N/A → SELL | 仅日线信号: SELL (无小时线数据)
2026-07-24 23:42:16 | INFO  | SIGNAL 通信ETF | 日BUY 时N/A → BUY | 仅日线信号: BUY (无小时线数据)
2026-07-24 23:42:16 | INFO  | SIGNAL 创业板ETF | 日BUY 时N/A → BUY | 仅日线信号: BUY (无小时线数据)
2026-07-24 23:42:16 | INFO  | SIGNAL 黄金ETF | 日SELL 时N/A → SELL | 仅日线信号: SELL (无小时线数据)
2026-07-24 23:42:16 | INFO  | SIGNAL 通信ETF | 日BUY 时N/A → BUY | 仅日线信号: BUY (无小时线数据)
2026-07-24 23:42:16 | INFO  | SIGNAL 创业板ETF | 日BUY 时N/A → BUY | 仅日线信号: BUY (无小时线数据)
2026-07-24 23:42:16 | INFO  | SIGNAL 黄金ETF | 日SELL 时N/A → SELL | 仅日线信号: SELL (无小时线数据)
2026-07-24 23:42:17 | INFO  | SIGNAL 通信ETF | 日BUY 时N/A → BUY | 仅日线信号: BUY (无小时线数据)
2026-07-24 23:42:17 | INFO  | SIGNAL 黄金ETF | 日SELL 时N/A → SELL | 仅日线信号: SELL (无小时线数据)
2026-07-24 23:42:17 | INFO  | SIGNAL 通信ETF | 日BUY 时N/A → BUY | 仅日线信号: BUY (无小时线数据)
2026-07-24 23:42:17 | INFO  | SIGNAL 沪深300ETF | 日SELL 时N/A → SELL | 仅日线信号: SELL (无小时线数据)
2026-07-24 23:42:17 | INFO  | SIGNAL 黄金ETF | 日SELL 时N/A → SELL | 仅日线信号: SELL (无小时线数据)
2026-07-24 23:42:17 | INFO  | SIGNAL 通信ETF | 日BUY 时N/A → BUY | 仅日线信号: BUY (无小时线数据)
2026-07-24 23:42:17 | INFO  | SIGNAL 沪深300ETF | 日SELL 时N/A → SELL | 仅日线信号: SELL (无小时线数据)
2026-07-24 23:42:17 | INFO  | SIGNAL 黄金ETF | 日SELL 时N/A → SELL | 仅日线信号: SELL (无小时线数据)
2026-07-24 23:42:17 | INFO  | SIGNAL 通信ETF | 日BUY 时N/A → BUY | 仅日线信号: BUY (无小时线数据)
2026-07-24 23:42:17 | INFO  | SIGNAL 黄金ETF | 日SELL 时N/A → SELL | 仅日线信号: SELL (无小时线数据)
2026-07-24 23:42:17 | INFO  | SIGNAL 通信ETF | 日BUY 时N/A → BUY | 仅日线信号: BUY (无小时线数据)
2026-07-24 23:42:17 | INFO  | SIGNAL 黄金ETF | 日SELL 时N/A → SELL | 仅日线信号: SELL (无小时线数据)
2026-07-24 23:42:17 | INFO  | SIGNAL 通信ETF | 日BUY 时N/A → BUY | 仅日线信号: BUY (无小时线数据)
2026-07-24 23:42:17 | INFO  | SIGNAL 沪深300ETF | 日BUY 时N/A → BUY | 仅日线信号: BUY (无小时线数据)
2026-07-24 23:42:17 | INFO  | SIGNAL 半导体ETF | 日BUY 时N/A → BUY | 仅日线信号: BUY (无小时线数据)
2026-07-24 23:42:17 | INFO  | SIGNAL 芯片ETF | 日BUY 时N/A → BUY | 仅日线信号: BUY (无小时线数据)
2026-07-24 23:42:17 | INFO  | SIGNAL 黄金ETF | 日SELL 时N/A → SELL | 仅日线信号: SELL (无小时线数据)
2026-07-24 23:42:17 | INFO  | SIGNAL 通信ETF | 日BUY 时N/A → BUY | 仅日线信号: BUY (无小时线数据)
2026-07-24 23:42:17 | INFO  | SIGNAL 沪深300ETF | 日BUY 时N/A → BUY | 仅日线信号: BUY (无小时线数据)
2026-07-24 23:42:17 | INFO  | SIGNAL 创业板ETF | 日BUY 时N/A → BUY | 仅日线信号: BUY (无小时线数据)
2026-07-24 23:42:17 | INFO  | SIGNAL 科创50ETF | 日BUY 时N/A → BUY | 仅日线信号: BUY (无小时线数据)
2026-07-24 23:42:17 | INFO  | SIGNAL 半导体ETF | 日BUY 时N/A → BUY | 仅日线信号: BUY (无小时线数据)
2026-07-24 23:42:17 | INFO  | SIGNAL 芯片ETF | 日BUY 时N/A → BUY | 仅日线信号: BUY (无小时线数据)
2026-07-24 23:42:17 | INFO  | SIGNAL 黄金ETF | 日SELL 时N/A → SELL | 仅日线信号: SELL (无小时线数据)
2026-07-24 23:42:17 | INFO  | SIGNAL 通信ETF | 日BUY 时N/A → BUY | 仅日线信号: BUY (无小时线数据)
2026-07-24 23:42:17 | INFO  | SIGNAL 沪深300ETF | 日BUY 时N/A → BUY | 仅日线信号: BUY (无小时线数据)
2026-07-24 23:42:17 | INFO  | SIGNAL 创业板ETF | 日BUY 时N/A → BUY | 仅日线信号: BUY (无小时线数据)
2026-07-24 23:42:17 | INFO  | SIGNAL 科创50ETF | 日BUY 时N/A → BUY | 仅日线信号: BUY (无小时线数据)
2026-07-24 23:42:17 | INFO  | SIGNAL 半导体ETF | 日BUY 时N/A → BUY | 仅日线信号: BUY (无小时线数据)
2026-07-24 23:42:17 | INFO  | SIGNAL 芯片ETF | 日BUY 时N/A → BUY | 仅日线信号: BUY (无小时线数据)
2026-07-24 23:42:17 | INFO  | SIGNAL 黄金ETF | 日SELL 时N/A → SELL | 仅日线信号: SELL (无小时线数据)
2026-07-24 23:42:17 | INFO  | SIGNAL 通信ETF | 日BUY 时N/A → BUY | 仅日线信号: BUY (无小时线数据)
2026-07-24 23:42:17 | INFO  | SIGNAL 沪深300ETF | 日BUY 时N/A → BUY | 仅日线信号: BUY (无小时线数据)
2026-07-24 23:42:17 | INFO  | SIGNAL 创业板ETF | 日BUY 时N/A → BUY | 仅日线信号: BUY (无小时线数据)
2026-07-24 23:42:17 | INFO  | SIGNAL 科创50ETF | 日BUY 时N/A → BUY | 仅日线信号: BUY (无小时线数据)
2026-07-24 23:42:17 | INFO  | SIGNAL 半导体ETF | 日BUY 时N/A → BUY | 仅日线信号: BUY (无小时线数据)
2026-07-24 23:42:17 | INFO  | SIGNAL 芯片ETF | 日BUY 时N/A → BUY | 仅日线信号: BUY (无小时线数据)
2026-07-24 23:42:17 | INFO  | SIGNAL 黄金ETF | 日SELL 时N/A → SELL | 仅日线信号: SELL (无小时线数据)
2026-07-24 23:42:17 | INFO  | SIGNAL 通信ETF | 日BUY 时N/A → BUY | 仅日线信号: BUY (无小时线数据)
2026-07-24 23:42:17 | INFO  | SIGNAL 沪深300ETF | 日BUY 时N/A → BUY | 仅日线信号: BUY (无小时线数据)
2026-07-24 23:42:17 | INFO  | SIGNAL 创业板ETF | 日BUY 时N/A → BUY | 仅日线信号: BUY (无小时线数据)
2026-07-24 23:42:17 | INFO  | SIGNAL 科创50ETF | 日BUY 时N/A → BUY | 仅日线信号: BUY (无小时线数据)
2026-07-24 23:42:17 | INFO  | SIGNAL 半导体ETF | 日BUY 时N/A → BUY | 仅日线信号: BUY (无小时线数据)
2026-07-24 23:42:17 | INFO  | SIGNAL 芯片ETF | 日BUY 时N/A → BUY | 仅日线信号: BUY (无小时线数据)
2026-07-24 23:42:17 | INFO  | SIGNAL 黄金ETF | 日SELL 时N/A → SELL | 仅日线信号: SELL (无小时线数据)
2026-07-24 23:42:17 | INFO  | SIGNAL 通信ETF | 日BUY 时N/A → BUY | 仅日线信号: BUY (无小时线数据)
2026-07-24 23:42:17 | INFO  | SIGNAL 沪深300ETF | 日BUY 时N/A → BUY | 仅日线信号: BUY (无小时线数据)
2026-07-24 23:42:17 | INFO  | SIGNAL 创业板ETF | 日BUY 时N/A → BUY | 仅日线信号: BUY (无小时线数据)
2026-07-24 23:42:17 | INFO  | SIGNAL 科创50ETF | 日BUY 时N/A → BUY | 仅日线信号: BUY (无小时线数据)
2026-07-24 23:42:17 | INFO  | SIGNAL 半导体ETF | 日BUY 时N/A → BUY | 仅日线信号: BUY (无小时线数据)
2026-07-24 23:42:17 | INFO  | SIGNAL 芯片ETF | 日BUY 时N/A → BUY | 仅日线信号: BUY (无小时线数据)
2026-07-24 23:42:17 | INFO  | SIGNAL 黄金ETF | 日SELL 时N/A → SELL | 仅日线信号: SELL (无小时线数据)
2026-07-24 23:42:17 | INFO  | SIGNAL 通信ETF | 日BUY 时N/A → BUY | 仅日线信号: BUY (无小时线数据)
2026-07-24 23:42:17 | INFO  | SIGNAL 沪深300ETF | 日BUY 时N/A → BUY | 仅日线信号: BUY (无小时线数据)
2026-07-24 23:42:17 | INFO  | SIGNAL 创业板ETF | 日BUY 时N/A → BUY | 仅日线信号: BUY (无小时线数据)
2026-07-24 23:42:17 | INFO  | SIGNAL 科创50ETF | 日BUY 时N/A → BUY | 仅日线信号: BUY (无小时线数据)
2026-07-24 23:42:17 | INFO  | SIGNAL 半导体ETF | 日BUY 时N/A → BUY | 仅日线信号: BUY (无小时线数据)
2026-07-24 23:42:17 | INFO  | SIGNAL 芯片ETF | 日BUY 时N/A → BUY | 仅日线信号: BUY (无小时线数据)
2026-07-24 23:42:17 | INFO  | SIGNAL 黄金ETF | 日SELL 时N/A → SELL | 仅日线信号: SELL (无小时线数据)
2026-07-24 23:42:17 | INFO  | SIGNAL 通信ETF | 日BUY 时N/A → BUY | 仅日线信号: BUY (无小时线数据)
2026-07-24 23:42:17 | INFO  | SIGNAL 沪深300ETF | 日BUY 时N/A → BUY | 仅日线信号: BUY (无小时线数据)
2026-07-24 23:42:17 | INFO  | SIGNAL 创业板ETF | 日BUY 时N/A → BUY | 仅日线信号: BUY (无小时线数据)
2026-07-24 23:42:17 | INFO  | SIGNAL 科创50ETF | 日BUY 时N/A → BUY | 仅日线信号: BUY (无小时线数据)
2026-07-24 23:42:17 | INFO  | SIGNAL 半导体ETF | 日BUY 时N/A → BUY | 仅日线信号: BUY (无小时线数据)
2026-07-24 23:42:17 | INFO  | SIGNAL 芯片ETF | 日BUY 时N/A → BUY | 仅日线信号: BUY (无小时线数据)
2026-07-24 23:42:17 | INFO  | SIGNAL 黄金ETF | 日SELL 时N/A → SELL | 仅日线信号: SELL (无小时线数据)
2026-07-24 23:42:17 | INFO  | SIGNAL 通信ETF | 日BUY 时N/A → BUY | 仅日线信号: BUY (无小时线数据)
2026-07-24 23:42:18 | INFO  | SIGNAL 沪深300ETF | 日BUY 时N/A → BUY | 仅日线信号: BUY (无小时线数据)
2026-07-24 23:42:18 | INFO  | SIGNAL 创业板ETF | 日BUY 时N/A → BUY | 仅日线信号: BUY (无小时线数据)
2026-07-24 23:42:18 | INFO  | SIGNAL 科创50ETF | 日BUY 时N/A → BUY | 仅日线信号: BUY (无小时线数据)
2026-07-24 23:42:18 | INFO  | SIGNAL 半导体ETF | 日BUY 时N/A → BUY | 仅日线信号: BUY (无小时线数据)
2026-07-24 23:42:18 | INFO  | SIGNAL 芯片ETF | 日BUY 时N/A → BUY | 仅日线信号: BUY (无小时线数据)
2026-07-24 23:42:18 | INFO  | SIGNAL 黄金ETF | 日SELL 时N/A → SELL | 仅日线信号: SELL (无小时线数据)
2026-07-24 23:42:18 | INFO  | SIGNAL 通信ETF | 日BUY 时N/A → BUY | 仅日线信号: BUY (无小时线数据)
2026-07-24 23:42:18 | INFO  | SIGNAL 沪深300ETF | 日BUY 时N/A → BUY | 仅日线信号: BUY (无小时线数据)
2026-07-24 23:42:18 | INFO  | SIGNAL 创业板ETF | 日BUY 时N/A → BUY | 仅日线信号: BUY (无小时线数据)
2026-07-24 23:42:18 | INFO  | SIGNAL 科创50ETF | 日BUY 时N/A → BUY | 仅日线信号: BUY (无小时线数据)
2026-07-24 23:42:18 | INFO  | SIGNAL 半导体ETF | 日BUY 时N/A → BUY | 仅日线信号: BUY (无小时线数据)
2026-07-24 23:42:18 | INFO  | SIGNAL 芯片ETF | 日BUY 时N/A → BUY | 仅日线信号: BUY (无小时线数据)
2026-07-24 23:42:18 | INFO  | SIGNAL 黄金ETF | 日SELL 时N/A → SELL | 仅日线信号: SELL (无小时线数据)
2026-07-24 23:42:18 | INFO  | SIGNAL 通信ETF | 日BUY 时N/A → BUY | 仅日线信号: BUY (无小时线数据)
2026-07-24 23:42:18 | INFO  | SIGNAL 沪深300ETF | 日BUY 时N/A → BUY | 仅日线信号: BUY (无小时线数据)
2026-07-24 23:42:18 | INFO  | SIGNAL 创业板ETF | 日BUY 时N/A → BUY | 仅日线信号: BUY (无小时线数据)
2026-07-24 23:42:18 | INFO  | SIGNAL 科创50ETF | 日BUY 时N/A → BUY | 仅日线信号: BUY (无小时线数据)
2026-07-24 23:42:18 | INFO  | SIGNAL 半导体ETF | 日BUY 时N/A → BUY | 仅日线信号: BUY (无小时线数据)
2026-07-24 23:42:18 | INFO  | SIGNAL 芯片ETF | 日BUY 时N/A → BUY | 仅日线信号: BUY (无小时线数据)
2026-07-24 23:42:18 | INFO  | SIGNAL 黄金ETF | 日SELL 时N/A → SELL | 仅日线信号: SELL (无小时线数据)
2026-07-24 23:42:18 | INFO  | 515880 | SELL | 13200股 @0.788 | 成交额0 | 费0.00 | 净0 | 信号SELL
2026-07-24 23:42:18 | INFO  | 510300 | BUY | 400股 @4.850 | 成交额0 | 费0.00 | 净0 | 策略信号
2026-07-24 23:42:18 | INFO  | 159915 | BUY | 400股 @4.036 | 成交额0 | 费0.00 | 净0 | 策略信号
2026-07-24 23:42:18 | INFO  | 588000 | BUY | 900股 @2.119 | 成交额0 | 费0.00 | 净0 | 策略信号
2026-07-24 23:42:18 | INFO  | 512480 | BUY | 1400股 @1.350 | 成交额0 | 费0.00 | 净0 | 策略信号
2026-07-24 23:42:18 | INFO  | 159995 | BUY | 1300股 @1.510 | 成交额0 | 费0.00 | 净0 | 策略信号
2026-07-24 23:42:18 | INFO  | SIGNAL 沪深300ETF | 日BUY 时N/A → BUY | 仅日线信号: BUY (无小时线数据)
2026-07-24 23:42:18 | INFO  | SIGNAL 创业板ETF | 日BUY 时N/A → BUY | 仅日线信号: BUY (无小时线数据)
2026-07-24 23:42:18 | INFO  | SIGNAL 科创50ETF | 日BUY 时N/A → BUY | 仅日线信号: BUY (无小时线数据)
2026-07-24 23:42:18 | INFO  | SIGNAL 半导体ETF | 日BUY 时N/A → BUY | 仅日线信号: BUY (无小时线数据)
2026-07-24 23:42:18 | INFO  | SIGNAL 芯片ETF | 日BUY 时N/A → BUY | 仅日线信号: BUY (无小时线数据)
2026-07-24 23:42:18 | INFO  | SIGNAL 黄金ETF | 日SELL 时N/A → SELL | 仅日线信号: SELL (无小时线数据)
2026-07-24 23:42:18 | INFO  | 512480 | BUY | 100股 @1.331 | 成交额0 | 费0.00 | 净0 | 策略信号
2026-07-24 23:42:18 | INFO  | 159995 | BUY | 100股 @1.500 | 成交额0 | 费0.00 | 净0 | 策略信号
2026-07-24 23:42:18 | INFO  | SIGNAL 沪深300ETF | 日BUY 时N/A → BUY | 仅日线信号: BUY (无小时线数据)
2026-07-24 23:42:18 | INFO  | SIGNAL 创业板ETF | 日BUY 时N/A → BUY | 仅日线信号: BUY (无小时线数据)
2026-07-24 23:42:18 | INFO  | SIGNAL 科创50ETF | 日BUY 时N/A → BUY | 仅日线信号: BUY (无小时线数据)
2026-07-24 23:42:18 | INFO  | SIGNAL 半导体ETF | 日BUY 时N/A → BUY | 仅日线信号: BUY (无小时线数据)
2026-07-24 23:42:18 | INFO  | SIGNAL 芯片ETF | 日BUY 时N/A → BUY | 仅日线信号: BUY (无小时线数据)
2026-07-24 23:42:18 | INFO  | SIGNAL 黄金ETF | 日SELL 时N/A → SELL | 仅日线信号: SELL (无小时线数据)
2026-07-24 23:42:18 | INFO  | 512480 | BUY | 100股 @1.334 | 成交额0 | 费0.00 | 净0 | 策略信号
2026-07-24 23:42:18 | INFO  | 159995 | BUY | 100股 @1.505 | 成交额0 | 费0.00 | 净0 | 策略信号
2026-07-24 23:42:18 | INFO  | SIGNAL 科创50ETF | 日BUY 时N/A → BUY | 仅日线信号: BUY (无小时线数据)
2026-07-24 23:42:18 | INFO  | SIGNAL 半导体ETF | 日BUY 时N/A → BUY | 仅日线信号: BUY (无小时线数据)
2026-07-24 23:42:18 | INFO  | SIGNAL 芯片ETF | 日BUY 时N/A → BUY | 仅日线信号: BUY (无小时线数据)
2026-07-24 23:42:18 | INFO  | SIGNAL 黄金ETF | 日SELL 时N/A → SELL | 仅日线信号: SELL (无小时线数据)
2026-07-24 23:42:18 | INFO  | 510300 | SELL | 400股 @4.826 | 成交额0 | 费0.00 | 净0 | 信号SELL
2026-07-24 23:42:18 | INFO  | 159915 | SELL | 400股 @3.932 | 成交额0 | 费0.00 | 净0 | 信号SELL
2026-07-24 23:42:18 | INFO  | 588000 | BUY | 500股 @2.126 | 成交额0 | 费0.00 | 净0 | 策略信号
2026-07-24 23:42:18 | INFO  | 512480 | BUY | 900股 @1.336 | 成交额0 | 费0.00 | 净0 | 策略信号
2026-07-24 23:42:18 | INFO  | 159995 | BUY | 800股 @1.501 | 成交额0 | 费0.00 | 净0 | 策略信号
2026-07-24 23:42:18 | INFO  | SIGNAL 沪深300ETF | 日SELL 时N/A → SELL | 仅日线信号: SELL (无小时线数据)
2026-07-24 23:42:18 | INFO  | SIGNAL 科创50ETF | 日BUY 时N/A → BUY | 仅日线信号: BUY (无小时线数据)
2026-07-24 23:42:18 | INFO  | SIGNAL 半导体ETF | 日BUY 时N/A → BUY | 仅日线信号: BUY (无小时线数据)
2026-07-24 23:42:18 | INFO  | SIGNAL 芯片ETF | 日BUY 时N/A → BUY | 仅日线信号: BUY (无小时线数据)
2026-07-24 23:42:18 | INFO  | SIGNAL 黄金ETF | 日SELL 时N/A → SELL | 仅日线信号: SELL (无小时线数据)
2026-07-24 23:42:18 | INFO  | SIGNAL 通信ETF | 日SELL 时N/A → SELL | 仅日线信号: SELL (无小时线数据)
2026-07-24 23:42:18 | INFO  | 512480 | BUY | 100股 @1.339 | 成交额0 | 费0.00 | 净0 | 策略信号
2026-07-24 23:42:18 | INFO  | 159995 | BUY | 100股 @1.493 | 成交额0 | 费0.00 | 净0 | 策略信号
2026-07-24 23:42:18 | INFO  | SIGNAL 科创50ETF | 日BUY 时N/A → BUY | 仅日线信号: BUY (无小时线数据)
2026-07-24 23:42:18 | INFO  | SIGNAL 半导体ETF | 日BUY 时N/A → BUY | 仅日线信号: BUY (无小时线数据)
2026-07-24 23:42:18 | INFO  | SIGNAL 芯片ETF | 日BUY 时N/A → BUY | 仅日线信号: BUY (无小时线数据)
2026-07-24 23:42:18 | INFO  | SIGNAL 通信ETF | 日SELL 时N/A → SELL | 仅日线信号: SELL (无小时线数据)
2026-07-24 23:42:18 | INFO  | SIGNAL 科创50ETF | 日BUY 时N/A → BUY | 仅日线信号: BUY (无小时线数据)
2026-07-24 23:42:18 | INFO  | SIGNAL 半导体ETF | 日BUY 时N/A → BUY | 仅日线信号: BUY (无小时线数据)
2026-07-24 23:42:18 | INFO  | SIGNAL 芯片ETF | 日BUY 时N/A → BUY | 仅日线信号: BUY (无小时线数据)
2026-07-24 23:42:18 | INFO  | SIGNAL 通信ETF | 日SELL 时N/A → SELL | 仅日线信号: SELL (无小时线数据)
2026-07-24 23:42:18 | INFO  | SIGNAL 沪深300ETF | 日SELL 时N/A → SELL | 仅日线信号: SELL (无小时线数据)
2026-07-24 23:42:18 | INFO  | SIGNAL 科创50ETF | 日BUY 时N/A → BUY | 仅日线信号: BUY (无小时线数据)
2026-07-24 23:42:18 | INFO  | SIGNAL 半导体ETF | 日BUY 时N/A → BUY | 仅日线信号: BUY (无小时线数据)
2026-07-24 23:42:18 | INFO  | SIGNAL 芯片ETF | 日BUY 时N/A → BUY | 仅日线信号: BUY (无小时线数据)
2026-07-24 23:42:18 | INFO  | SIGNAL 黄金ETF | 日SELL 时N/A → SELL | 仅日线信号: SELL (无小时线数据)
2026-07-24 23:42:18 | INFO  | SIGNAL 通信ETF | 日SELL 时N/A → SELL | 仅日线信号: SELL (无小时线数据)
2026-07-24 23:42:18 | INFO  | SIGNAL 沪深300ETF | 日SELL 时N/A → SELL | 仅日线信号: SELL (无小时线数据)
2026-07-24 23:42:18 | INFO  | SIGNAL 创业板ETF | 日SELL 时N/A → SELL | 仅日线信号: SELL (无小时线数据)
2026-07-24 23:42:18 | INFO  | SIGNAL 科创50ETF | 日BUY 时N/A → BUY | 仅日线信号: BUY (无小时线数据)
2026-07-24 23:42:18 | INFO  | SIGNAL 半导体ETF | 日BUY 时N/A → BUY | 仅日线信号: BUY (无小时线数据)
2026-07-24 23:42:18 | INFO  | SIGNAL 芯片ETF | 日BUY 时N/A → BUY | 仅日线信号: BUY (无小时线数据)
2026-07-24 23:42:18 | INFO  | SIGNAL 黄金ETF | 日SELL 时N/A → SELL | 仅日线信号: SELL (无小时线数据)
2026-07-24 23:42:18 | INFO  | SIGNAL 通信ETF | 日SELL 时N/A → SELL | 仅日线信号: SELL (无小时线数据)
2026-07-24 23:42:18 | INFO  | SIGNAL 沪深300ETF | 日SELL 时N/A → SELL | 仅日线信号: SELL (无小时线数据)
2026-07-24 23:42:18 | INFO  | SIGNAL 创业板ETF | 日SELL 时N/A → SELL | 仅日线信号: SELL (无小时线数据)
2026-07-24 23:42:18 | INFO  | SIGNAL 科创50ETF | 日BUY 时N/A → BUY | 仅日线信号: BUY (无小时线数据)
2026-07-24 23:42:18 | INFO  | SIGNAL 黄金ETF | 日SELL 时N/A → SELL | 仅日线信号: SELL (无小时线数据)
2026-07-24 23:42:18 | INFO  | SIGNAL 通信ETF | 日SELL 时N/A → SELL | 仅日线信号: SELL (无小时线数据)
2026-07-24 23:42:18 | INFO  | 512480 | SELL | 2600股 @1.232 | 成交额0 | 费0.00 | 净0 | 信号SELL
2026-07-24 23:42:18 | INFO  | 159995 | SELL | 2400股 @1.397 | 成交额0 | 费0.00 | 净0 | 信号SELL
2026-07-24 23:42:18 | INFO  | 588000 | BUY | 3100股 @2.028 | 成交额0 | 费0.00 | 净0 | 策略信号
2026-07-24 23:42:18 | INFO  | SIGNAL 沪深300ETF | 日SELL 时N/A → SELL | 仅日线信号: SELL (无小时线数据)
2026-07-24 23:42:19 | INFO  | SIGNAL 黄金ETF | 日SELL 时N/A → SELL | 仅日线信号: SELL (无小时线数据)
2026-07-24 23:42:19 | INFO  | SIGNAL 通信ETF | 日SELL 时N/A → SELL | 仅日线信号: SELL (无小时线数据)
2026-07-24 23:42:19 | INFO  | 588000 | SELL | 4500股 @1.945 | 成交额0 | 费0.00 | 净0 | 信号SELL
2026-07-24 23:42:19 | INFO  | SIGNAL 黄金ETF | 日SELL 时N/A → SELL | 仅日线信号: SELL (无小时线数据)
2026-07-24 23:42:19 | INFO  | SIGNAL 沪深300ETF | 日SELL 时N/A → SELL | 仅日线信号: SELL (无小时线数据)
2026-07-24 23:42:19 | INFO  | SIGNAL 黄金ETF | 日SELL 时N/A → SELL | 仅日线信号: SELL (无小时线数据)
2026-07-24 23:42:19 | INFO  | SIGNAL 沪深300ETF | 日SELL 时N/A → SELL | 仅日线信号: SELL (无小时线数据)
2026-07-24 23:42:19 | INFO  | SIGNAL 创业板ETF | 日SELL 时N/A → SELL | 仅日线信号: SELL (无小时线数据)
2026-07-24 23:42:19 | INFO  | SIGNAL 科创50ETF | 日SELL 时N/A → SELL | 仅日线信号: SELL (无小时线数据)
2026-07-24 23:42:19 | INFO  | SIGNAL 半导体ETF | 日SELL 时N/A → SELL | 仅日线信号: SELL (无小时线数据)
2026-07-24 23:42:19 | INFO  | SIGNAL 芯片ETF | 日SELL 时N/A → SELL | 仅日线信号: SELL (无小时线数据)
2026-07-24 23:42:19 | INFO  | SIGNAL 黄金ETF | 日SELL 时N/A → SELL | 仅日线信号: SELL (无小时线数据)
2026-07-24 23:42:19 | INFO  | SIGNAL 通信ETF | 日SELL 时N/A → SELL | 仅日线信号: SELL (无小时线数据)
2026-07-24 23:42:19 | INFO  | SIGNAL 沪深300ETF | 日SELL 时N/A → SELL | 仅日线信号: SELL (无小时线数据)
2026-07-24 23:42:19 | INFO  | SIGNAL 创业板ETF | 日SELL 时N/A → SELL | 仅日线信号: SELL (无小时线数据)
2026-07-24 23:42:19 | INFO  | SIGNAL 科创50ETF | 日SELL 时N/A → SELL | 仅日线信号: SELL (无小时线数据)
2026-07-24 23:42:19 | INFO  | SIGNAL 半导体ETF | 日SELL 时N/A → SELL | 仅日线信号: SELL (无小时线数据)
2026-07-24 23:42:19 | INFO  | SIGNAL 芯片ETF | 日SELL 时N/A → SELL | 仅日线信号: SELL (无小时线数据)
2026-07-24 23:42:19 | INFO  | SIGNAL 通信ETF | 日SELL 时N/A → SELL | 仅日线信号: SELL (无小时线数据)
2026-07-24 23:42:19 | INFO  | SIGNAL 沪深300ETF | 日SELL 时N/A → SELL | 仅日线信号: SELL (无小时线数据)
2026-07-24 23:42:19 | INFO  | SIGNAL 创业板ETF | 日SELL 时N/A → SELL | 仅日线信号: SELL (无小时线数据)
2026-07-24 23:42:19 | INFO  | SIGNAL 科创50ETF | 日SELL 时N/A → SELL | 仅日线信号: SELL (无小时线数据)
2026-07-24 23:42:19 | INFO  | SIGNAL 半导体ETF | 日SELL 时N/A → SELL | 仅日线信号: SELL (无小时线数据)
2026-07-24 23:42:19 | INFO  | SIGNAL 芯片ETF | 日SELL 时N/A → SELL | 仅日线信号: SELL (无小时线数据)
2026-07-24 23:42:19 | INFO  | SIGNAL 通信ETF | 日SELL 时N/A → SELL | 仅日线信号: SELL (无小时线数据)
2026-07-24 23:42:19 | INFO  | SIGNAL 沪深300ETF | 日SELL 时N/A → SELL | 仅日线信号: SELL (无小时线数据)
2026-07-24 23:42:19 | INFO  | SIGNAL 创业板ETF | 日SELL 时N/A → SELL | 仅日线信号: SELL (无小时线数据)
2026-07-24 23:42:19 | INFO  | SIGNAL 科创50ETF | 日SELL 时N/A → SELL | 仅日线信号: SELL (无小时线数据)
2026-07-24 23:42:19 | INFO  | SIGNAL 半导体ETF | 日SELL 时N/A → SELL | 仅日线信号: SELL (无小时线数据)
2026-07-24 23:42:19 | INFO  | SIGNAL 芯片ETF | 日SELL 时N/A → SELL | 仅日线信号: SELL (无小时线数据)
2026-07-24 23:42:19 | INFO  | SIGNAL 黄金ETF | 日SELL 时N/A → SELL | 仅日线信号: SELL (无小时线数据)
2026-07-24 23:42:19 | INFO  | SIGNAL 通信ETF | 日SELL 时N/A → SELL | 仅日线信号: SELL (无小时线数据)
